Archive member included to satisfy reference by file (symbol)

/usr/lib/gcc/arm-none-eabi/6.3.1/thumb/v6-m/libgcc.a(_udivsi3.o)
                              lcd.o (__aeabi_uidiv)
/usr/lib/gcc/arm-none-eabi/6.3.1/thumb/v6-m/libgcc.a(_divsi3.o)
                              lcd.o (__aeabi_idiv)
/usr/lib/gcc/arm-none-eabi/6.3.1/thumb/v6-m/libgcc.a(_dvmd_tls.o)
                              /usr/lib/gcc/arm-none-eabi/6.3.1/thumb/v6-m/libgcc.a(_udivsi3.o) (__aeabi_idiv0)
/usr/lib/gcc/arm-none-eabi/6.3.1/thumb/v6-m/libgcc.a(_fixunsdfsi.o)
                              main.o (__aeabi_d2uiz)
/usr/lib/gcc/arm-none-eabi/6.3.1/thumb/v6-m/libgcc.a(adddf3.o)
                              main.o (__aeabi_dadd)
/usr/lib/gcc/arm-none-eabi/6.3.1/thumb/v6-m/libgcc.a(subdf3.o)
                              /usr/lib/gcc/arm-none-eabi/6.3.1/thumb/v6-m/libgcc.a(_fixunsdfsi.o) (__aeabi_dsub)
/usr/lib/gcc/arm-none-eabi/6.3.1/thumb/v6-m/libgcc.a(fixdfsi.o)
                              /usr/lib/gcc/arm-none-eabi/6.3.1/thumb/v6-m/libgcc.a(_fixunsdfsi.o) (__aeabi_d2iz)
/usr/lib/gcc/arm-none-eabi/6.3.1/thumb/v6-m/libgcc.a(floatsidf.o)
                              main.o (__aeabi_i2d)
/usr/lib/gcc/arm-none-eabi/6.3.1/thumb/v6-m/libgcc.a(_arm_cmpdf2.o)
                              /usr/lib/gcc/arm-none-eabi/6.3.1/thumb/v6-m/libgcc.a(_fixunsdfsi.o) (__aeabi_dcmpge)
/usr/lib/gcc/arm-none-eabi/6.3.1/thumb/v6-m/libgcc.a(_clzsi2.o)
                              /usr/lib/gcc/arm-none-eabi/6.3.1/thumb/v6-m/libgcc.a(adddf3.o) (__clzsi2)
/usr/lib/gcc/arm-none-eabi/6.3.1/thumb/v6-m/libgcc.a(eqdf2.o)
                              /usr/lib/gcc/arm-none-eabi/6.3.1/thumb/v6-m/libgcc.a(_arm_cmpdf2.o) (__eqdf2)
/usr/lib/gcc/arm-none-eabi/6.3.1/thumb/v6-m/libgcc.a(gedf2.o)
                              /usr/lib/gcc/arm-none-eabi/6.3.1/thumb/v6-m/libgcc.a(_arm_cmpdf2.o) (__gedf2)
/usr/lib/gcc/arm-none-eabi/6.3.1/thumb/v6-m/libgcc.a(ledf2.o)
                              /usr/lib/gcc/arm-none-eabi/6.3.1/thumb/v6-m/libgcc.a(_arm_cmpdf2.o) (__ledf2)
/usr/lib/gcc/arm-none-eabi/6.3.1/../../../arm-none-eabi/lib/thumb/v6-m/libg_nano.a(lib_a-atexit.o)
                              /usr/lib/gcc/arm-none-eabi/6.3.1/../../../arm-none-eabi/lib/thumb/v6-m/crt0.o (atexit)
/usr/lib/gcc/arm-none-eabi/6.3.1/../../../arm-none-eabi/lib/thumb/v6-m/libg_nano.a(lib_a-exit.o)
                              /usr/lib/gcc/arm-none-eabi/6.3.1/../../../arm-none-eabi/lib/thumb/v6-m/crt0.o (exit)
/usr/lib/gcc/arm-none-eabi/6.3.1/../../../arm-none-eabi/lib/thumb/v6-m/libg_nano.a(lib_a-fini.o)
                              /usr/lib/gcc/arm-none-eabi/6.3.1/../../../arm-none-eabi/lib/thumb/v6-m/crt0.o (__libc_fini_array)
/usr/lib/gcc/arm-none-eabi/6.3.1/../../../arm-none-eabi/lib/thumb/v6-m/libg_nano.a(lib_a-impure.o)
                              /usr/lib/gcc/arm-none-eabi/6.3.1/../../../arm-none-eabi/lib/thumb/v6-m/libg_nano.a(lib_a-exit.o) (_global_impure_ptr)
/usr/lib/gcc/arm-none-eabi/6.3.1/../../../arm-none-eabi/lib/thumb/v6-m/libg_nano.a(lib_a-init.o)
                              /usr/lib/gcc/arm-none-eabi/6.3.1/../../../arm-none-eabi/lib/thumb/v6-m/crt0.o (__libc_init_array)
/usr/lib/gcc/arm-none-eabi/6.3.1/../../../arm-none-eabi/lib/thumb/v6-m/libg_nano.a(lib_a-memcpy-stub.o)
                              freertos/queue.o (memcpy)
/usr/lib/gcc/arm-none-eabi/6.3.1/../../../arm-none-eabi/lib/thumb/v6-m/libg_nano.a(lib_a-memset.o)
                              /usr/lib/gcc/arm-none-eabi/6.3.1/../../../arm-none-eabi/lib/thumb/v6-m/crt0.o (memset)
/usr/lib/gcc/arm-none-eabi/6.3.1/../../../arm-none-eabi/lib/thumb/v6-m/libg_nano.a(lib_a-__atexit.o)
                              /usr/lib/gcc/arm-none-eabi/6.3.1/../../../arm-none-eabi/lib/thumb/v6-m/libg_nano.a(lib_a-atexit.o) (__register_exitproc)
/usr/lib/gcc/arm-none-eabi/6.3.1/../../../arm-none-eabi/lib/thumb/v6-m/libg_nano.a(lib_a-__call_atexit.o)
                              /usr/lib/gcc/arm-none-eabi/6.3.1/../../../arm-none-eabi/lib/thumb/v6-m/libg_nano.a(lib_a-__atexit.o) (__call_exitprocs)

Allocating common symbols
Common symbol       size              file

xQueueRegistry      0x40              freertos/queue.o
myQ                 0x4               main.o

Discarded input sections

 .text          0x0000000000000000        0x0 /usr/lib/gcc/arm-none-eabi/6.3.1/thumb/v6-m/crti.o
 .data          0x0000000000000000        0x0 /usr/lib/gcc/arm-none-eabi/6.3.1/thumb/v6-m/crti.o
 .bss           0x0000000000000000        0x0 /usr/lib/gcc/arm-none-eabi/6.3.1/thumb/v6-m/crti.o
 .text          0x0000000000000000       0xb4 /usr/lib/gcc/arm-none-eabi/6.3.1/thumb/v6-m/crtbegin.o
 .data          0x0000000000000000        0x4 /usr/lib/gcc/arm-none-eabi/6.3.1/thumb/v6-m/crtbegin.o
 .bss           0x0000000000000000       0x1c /usr/lib/gcc/arm-none-eabi/6.3.1/thumb/v6-m/crtbegin.o
 .init_array    0x0000000000000000        0x4 /usr/lib/gcc/arm-none-eabi/6.3.1/thumb/v6-m/crtbegin.o
 .fini_array    0x0000000000000000        0x4 /usr/lib/gcc/arm-none-eabi/6.3.1/thumb/v6-m/crtbegin.o
 .eh_frame      0x0000000000000000        0x0 /usr/lib/gcc/arm-none-eabi/6.3.1/thumb/v6-m/crtbegin.o
 .jcr           0x0000000000000000        0x0 /usr/lib/gcc/arm-none-eabi/6.3.1/thumb/v6-m/crtbegin.o
 .tm_clone_table
                0x0000000000000000        0x0 /usr/lib/gcc/arm-none-eabi/6.3.1/thumb/v6-m/crtbegin.o
 .comment       0x0000000000000000       0x32 /usr/lib/gcc/arm-none-eabi/6.3.1/thumb/v6-m/crtbegin.o
 .ARM.attributes
                0x0000000000000000       0x2c /usr/lib/gcc/arm-none-eabi/6.3.1/thumb/v6-m/crtbegin.o
 .text          0x0000000000000000       0x6c /usr/lib/gcc/arm-none-eabi/6.3.1/../../../arm-none-eabi/lib/thumb/v6-m/crt0.o
 .data          0x0000000000000000        0x0 /usr/lib/gcc/arm-none-eabi/6.3.1/../../../arm-none-eabi/lib/thumb/v6-m/crt0.o
 .bss           0x0000000000000000        0x0 /usr/lib/gcc/arm-none-eabi/6.3.1/../../../arm-none-eabi/lib/thumb/v6-m/crt0.o
 .ARM.extab     0x0000000000000000        0x0 /usr/lib/gcc/arm-none-eabi/6.3.1/../../../arm-none-eabi/lib/thumb/v6-m/crt0.o
 .ARM.exidx     0x0000000000000000        0x8 /usr/lib/gcc/arm-none-eabi/6.3.1/../../../arm-none-eabi/lib/thumb/v6-m/crt0.o
 .debug_line    0x0000000000000000       0x83 /usr/lib/gcc/arm-none-eabi/6.3.1/../../../arm-none-eabi/lib/thumb/v6-m/crt0.o
 .debug_info    0x0000000000000000       0xa3 /usr/lib/gcc/arm-none-eabi/6.3.1/../../../arm-none-eabi/lib/thumb/v6-m/crt0.o
 .debug_abbrev  0x0000000000000000       0x14 /usr/lib/gcc/arm-none-eabi/6.3.1/../../../arm-none-eabi/lib/thumb/v6-m/crt0.o
 .debug_aranges
                0x0000000000000000       0x20 /usr/lib/gcc/arm-none-eabi/6.3.1/../../../arm-none-eabi/lib/thumb/v6-m/crt0.o
 .ARM.attributes
                0x0000000000000000       0x1b /usr/lib/gcc/arm-none-eabi/6.3.1/../../../arm-none-eabi/lib/thumb/v6-m/crt0.o
 .data          0x0000000000000000        0x0 lcd.o
 .bss           0x0000000000000000        0x0 lcd.o
 .group         0x0000000000000000        0x8 main.o
 .group         0x0000000000000000        0x8 main.o
 .group         0x0000000000000000        0x8 main.o
 .group         0x0000000000000000        0x8 main.o
 .group         0x0000000000000000        0x8 main.o
 .group         0x0000000000000000        0x8 main.o
 .group         0x0000000000000000        0x8 main.o
 .group         0x0000000000000000        0x8 main.o
 .group         0x0000000000000000        0x8 main.o
 .group         0x0000000000000000        0x8 main.o
 .group         0x0000000000000000        0x8 main.o
 .group         0x0000000000000000        0x8 main.o
 .group         0x0000000000000000        0x8 main.o
 .group         0x0000000000000000        0x8 main.o
 .group         0x0000000000000000        0x8 main.o
 .group         0x0000000000000000        0x8 main.o
 .group         0x0000000000000000        0x8 main.o
 .group         0x0000000000000000        0x8 main.o
 .group         0x0000000000000000        0x8 main.o
 .group         0x0000000000000000        0x8 main.o
 .group         0x0000000000000000        0x8 main.o
 .group         0x0000000000000000        0x8 main.o
 .group         0x0000000000000000        0x8 main.o
 .group         0x0000000000000000        0x8 main.o
 .group         0x0000000000000000        0x8 main.o
 .data          0x0000000000000000        0x0 main.o
 .group         0x0000000000000000        0x8 startup.o
 .data          0x0000000000000000        0x0 startup.o
 .bss           0x0000000000000000        0x0 startup.o
 .debug_macro   0x0000000000000000      0x892 startup.o
 .group         0x0000000000000000        0x8 freertos/list.o
 .group         0x0000000000000000        0x8 freertos/list.o
 .group         0x0000000000000000        0x8 freertos/list.o
 .group         0x0000000000000000        0x8 freertos/list.o
 .group         0x0000000000000000        0x8 freertos/list.o
 .group         0x0000000000000000        0x8 freertos/list.o
 .group         0x0000000000000000        0x8 freertos/list.o
 .group         0x0000000000000000        0x8 freertos/list.o
 .group         0x0000000000000000        0x8 freertos/list.o
 .group         0x0000000000000000        0x8 freertos/list.o
 .group         0x0000000000000000        0x8 freertos/list.o
 .group         0x0000000000000000        0x8 freertos/list.o
 .group         0x0000000000000000        0x8 freertos/list.o
 .group         0x0000000000000000        0x8 freertos/list.o
 .group         0x0000000000000000        0x8 freertos/list.o
 .group         0x0000000000000000        0x8 freertos/list.o
 .group         0x0000000000000000        0x8 freertos/list.o
 .group         0x0000000000000000        0x8 freertos/list.o
 .group         0x0000000000000000        0x8 freertos/list.o
 .group         0x0000000000000000        0x8 freertos/list.o
 .group         0x0000000000000000        0x8 freertos/list.o
 .group         0x0000000000000000        0x8 freertos/list.o
 .group         0x0000000000000000        0x8 freertos/list.o
 .group         0x0000000000000000        0x8 freertos/list.o
 .group         0x0000000000000000        0x8 freertos/list.o
 .group         0x0000000000000000        0x8 freertos/list.o
 .group         0x0000000000000000        0x8 freertos/list.o
 .group         0x0000000000000000        0x8 freertos/list.o
 .data          0x0000000000000000        0x0 freertos/list.o
 .bss           0x0000000000000000        0x0 freertos/list.o
 .debug_macro   0x0000000000000000      0x892 freertos/list.o
 .debug_macro   0x0000000000000000       0x22 freertos/list.o
 .debug_macro   0x0000000000000000       0xfd freertos/list.o
 .debug_macro   0x0000000000000000       0x5e freertos/list.o
 .debug_macro   0x0000000000000000      0x1df freertos/list.o
 .debug_macro   0x0000000000000000      0x15d freertos/list.o
 .debug_macro   0x0000000000000000       0xaf freertos/list.o
 .debug_macro   0x0000000000000000       0x10 freertos/list.o
 .debug_macro   0x0000000000000000       0x1f freertos/list.o
 .debug_macro   0x0000000000000000      0x3d1 freertos/list.o
 .debug_macro   0x0000000000000000       0xc0 freertos/list.o
 .group         0x0000000000000000        0x8 freertos/queue.o
 .group         0x0000000000000000        0x8 freertos/queue.o
 .group         0x0000000000000000        0x8 freertos/queue.o
 .group         0x0000000000000000        0x8 freertos/queue.o
 .group         0x0000000000000000        0x8 freertos/queue.o
 .group         0x0000000000000000        0x8 freertos/queue.o
 .group         0x0000000000000000        0x8 freertos/queue.o
 .group         0x0000000000000000        0x8 freertos/queue.o
 .group         0x0000000000000000        0x8 freertos/queue.o
 .group         0x0000000000000000        0x8 freertos/queue.o
 .group         0x0000000000000000        0x8 freertos/queue.o
 .group         0x0000000000000000        0x8 freertos/queue.o
 .group         0x0000000000000000        0x8 freertos/queue.o
 .group         0x0000000000000000        0x8 freertos/queue.o
 .group         0x0000000000000000        0x8 freertos/queue.o
 .group         0x0000000000000000        0x8 freertos/queue.o
 .group         0x0000000000000000        0x8 freertos/queue.o
 .group         0x0000000000000000        0x8 freertos/queue.o
 .group         0x0000000000000000        0x8 freertos/queue.o
 .group         0x0000000000000000        0x8 freertos/queue.o
 .group         0x0000000000000000        0x8 freertos/queue.o
 .group         0x0000000000000000        0x8 freertos/queue.o
 .group         0x0000000000000000        0x8 freertos/queue.o
 .group         0x0000000000000000        0x8 freertos/queue.o
 .group         0x0000000000000000        0x8 freertos/queue.o
 .group         0x0000000000000000        0x8 freertos/queue.o
 .group         0x0000000000000000        0x8 freertos/queue.o
 .group         0x0000000000000000        0x8 freertos/queue.o
 .group         0x0000000000000000        0x8 freertos/queue.o
 .group         0x0000000000000000        0x8 freertos/queue.o
 .group         0x0000000000000000        0x8 freertos/queue.o
 .group         0x0000000000000000        0x8 freertos/queue.o
 .data          0x0000000000000000        0x0 freertos/queue.o
 .bss           0x0000000000000000        0x0 freertos/queue.o
 .debug_macro   0x0000000000000000      0x892 freertos/queue.o
 .debug_macro   0x0000000000000000       0x22 freertos/queue.o
 .debug_macro   0x0000000000000000       0x4c freertos/queue.o
 .debug_macro   0x0000000000000000       0x8d freertos/queue.o
 .debug_macro   0x0000000000000000       0x35 freertos/queue.o
 .debug_macro   0x0000000000000000       0x9c freertos/queue.o
 .debug_macro   0x0000000000000000       0x16 freertos/queue.o
 .debug_macro   0x0000000000000000      0x10e freertos/queue.o
 .debug_macro   0x0000000000000000       0x8d freertos/queue.o
 .debug_macro   0x0000000000000000       0x4a freertos/queue.o
 .debug_macro   0x0000000000000000       0x52 freertos/queue.o
 .debug_macro   0x0000000000000000       0x1f freertos/queue.o
 .debug_macro   0x0000000000000000       0x43 freertos/queue.o
 .debug_macro   0x0000000000000000       0x20 freertos/queue.o
 .debug_macro   0x0000000000000000      0x187 freertos/queue.o
 .debug_macro   0x0000000000000000      0x30d freertos/queue.o
 .debug_macro   0x0000000000000000       0x16 freertos/queue.o
 .debug_macro   0x0000000000000000       0x29 freertos/queue.o
 .debug_macro   0x0000000000000000       0xfd freertos/queue.o
 .debug_macro   0x0000000000000000       0x5e freertos/queue.o
 .debug_macro   0x0000000000000000      0x1df freertos/queue.o
 .debug_macro   0x0000000000000000       0xfa freertos/queue.o
 .debug_macro   0x0000000000000000      0x15d freertos/queue.o
 .debug_macro   0x0000000000000000       0xaf freertos/queue.o
 .debug_macro   0x0000000000000000       0x10 freertos/queue.o
 .debug_macro   0x0000000000000000       0x1f freertos/queue.o
 .debug_macro   0x0000000000000000      0x3d1 freertos/queue.o
 .debug_macro   0x0000000000000000       0xc0 freertos/queue.o
 .debug_macro   0x0000000000000000       0x9a freertos/queue.o
 .debug_macro   0x0000000000000000       0xb0 freertos/queue.o
 .group         0x0000000000000000        0x8 freertos/tasks.o
 .group         0x0000000000000000        0x8 freertos/tasks.o
 .group         0x0000000000000000        0x8 freertos/tasks.o
 .group         0x0000000000000000        0x8 freertos/tasks.o
 .group         0x0000000000000000        0x8 freertos/tasks.o
 .group         0x0000000000000000        0x8 freertos/tasks.o
 .group         0x0000000000000000        0x8 freertos/tasks.o
 .group         0x0000000000000000        0x8 freertos/tasks.o
 .group         0x0000000000000000        0x8 freertos/tasks.o
 .group         0x0000000000000000        0x8 freertos/tasks.o
 .group         0x0000000000000000        0x8 freertos/tasks.o
 .group         0x0000000000000000        0x8 freertos/tasks.o
 .group         0x0000000000000000        0x8 freertos/tasks.o
 .group         0x0000000000000000        0x8 freertos/tasks.o
 .group         0x0000000000000000        0x8 freertos/tasks.o
 .group         0x0000000000000000        0x8 freertos/tasks.o
 .group         0x0000000000000000        0x8 freertos/tasks.o
 .group         0x0000000000000000        0x8 freertos/tasks.o
 .group         0x0000000000000000        0x8 freertos/tasks.o
 .group         0x0000000000000000        0x8 freertos/tasks.o
 .group         0x0000000000000000        0x8 freertos/tasks.o
 .group         0x0000000000000000        0x8 freertos/tasks.o
 .group         0x0000000000000000        0x8 freertos/tasks.o
 .group         0x0000000000000000        0x8 freertos/tasks.o
 .group         0x0000000000000000        0x8 freertos/tasks.o
 .group         0x0000000000000000        0x8 freertos/tasks.o
 .group         0x0000000000000000        0x8 freertos/tasks.o
 .group         0x0000000000000000        0x8 freertos/tasks.o
 .group         0x0000000000000000        0x8 freertos/tasks.o
 .group         0x0000000000000000        0x8 freertos/tasks.o
 .group         0x0000000000000000        0x8 freertos/tasks.o
 .group         0x0000000000000000        0x8 freertos/tasks.o
 .group         0x0000000000000000        0x8 freertos/tasks.o
 .data          0x0000000000000000        0x0 freertos/tasks.o
 .debug_macro   0x0000000000000000      0x892 freertos/tasks.o
 .debug_macro   0x0000000000000000       0x22 freertos/tasks.o
 .debug_macro   0x0000000000000000       0x4c freertos/tasks.o
 .debug_macro   0x0000000000000000       0x8d freertos/tasks.o
 .debug_macro   0x0000000000000000       0x35 freertos/tasks.o
 .debug_macro   0x0000000000000000       0x9c freertos/tasks.o
 .debug_macro   0x0000000000000000       0x16 freertos/tasks.o
 .debug_macro   0x0000000000000000      0x10e freertos/tasks.o
 .debug_macro   0x0000000000000000       0x8d freertos/tasks.o
 .debug_macro   0x0000000000000000       0x4a freertos/tasks.o
 .debug_macro   0x0000000000000000       0x52 freertos/tasks.o
 .debug_macro   0x0000000000000000       0x1f freertos/tasks.o
 .debug_macro   0x0000000000000000       0x43 freertos/tasks.o
 .debug_macro   0x0000000000000000       0x20 freertos/tasks.o
 .debug_macro   0x0000000000000000      0x187 freertos/tasks.o
 .debug_macro   0x0000000000000000      0x30d freertos/tasks.o
 .debug_macro   0x0000000000000000       0x16 freertos/tasks.o
 .debug_macro   0x0000000000000000       0x29 freertos/tasks.o
 .debug_macro   0x0000000000000000       0x16 freertos/tasks.o
 .debug_macro   0x0000000000000000       0x35 freertos/tasks.o
 .debug_macro   0x0000000000000000       0xfd freertos/tasks.o
 .debug_macro   0x0000000000000000       0x5e freertos/tasks.o
 .debug_macro   0x0000000000000000      0x1df freertos/tasks.o
 .debug_macro   0x0000000000000000       0xfa freertos/tasks.o
 .debug_macro   0x0000000000000000      0x15d freertos/tasks.o
 .debug_macro   0x0000000000000000       0xaf freertos/tasks.o
 .debug_macro   0x0000000000000000       0x10 freertos/tasks.o
 .debug_macro   0x0000000000000000       0x1f freertos/tasks.o
 .debug_macro   0x0000000000000000      0x3d1 freertos/tasks.o
 .debug_macro   0x0000000000000000       0xc0 freertos/tasks.o
 .debug_macro   0x0000000000000000       0x9a freertos/tasks.o
 .group         0x0000000000000000        0x8 freertos/portable/MemMang/heap_2.o
 .group         0x0000000000000000        0x8 freertos/portable/MemMang/heap_2.o
 .group         0x0000000000000000        0x8 freertos/portable/MemMang/heap_2.o
 .group         0x0000000000000000        0x8 freertos/portable/MemMang/heap_2.o
 .group         0x0000000000000000        0x8 freertos/portable/MemMang/heap_2.o
 .group         0x0000000000000000        0x8 freertos/portable/MemMang/heap_2.o
 .group         0x0000000000000000        0x8 freertos/portable/MemMang/heap_2.o
 .group         0x0000000000000000        0x8 freertos/portable/MemMang/heap_2.o
 .group         0x0000000000000000        0x8 freertos/portable/MemMang/heap_2.o
 .group         0x0000000000000000        0x8 freertos/portable/MemMang/heap_2.o
 .group         0x0000000000000000        0x8 freertos/portable/MemMang/heap_2.o
 .group         0x0000000000000000        0x8 freertos/portable/MemMang/heap_2.o
 .group         0x0000000000000000        0x8 freertos/portable/MemMang/heap_2.o
 .group         0x0000000000000000        0x8 freertos/portable/MemMang/heap_2.o
 .group         0x0000000000000000        0x8 freertos/portable/MemMang/heap_2.o
 .group         0x0000000000000000        0x8 freertos/portable/MemMang/heap_2.o
 .group         0x0000000000000000        0x8 freertos/portable/MemMang/heap_2.o
 .group         0x0000000000000000        0x8 freertos/portable/MemMang/heap_2.o
 .group         0x0000000000000000        0x8 freertos/portable/MemMang/heap_2.o
 .group         0x0000000000000000        0x8 freertos/portable/MemMang/heap_2.o
 .group         0x0000000000000000        0x8 freertos/portable/MemMang/heap_2.o
 .group         0x0000000000000000        0x8 freertos/portable/MemMang/heap_2.o
 .group         0x0000000000000000        0x8 freertos/portable/MemMang/heap_2.o
 .group         0x0000000000000000        0x8 freertos/portable/MemMang/heap_2.o
 .group         0x0000000000000000        0x8 freertos/portable/MemMang/heap_2.o
 .group         0x0000000000000000        0x8 freertos/portable/MemMang/heap_2.o
 .group         0x0000000000000000        0x8 freertos/portable/MemMang/heap_2.o
 .group         0x0000000000000000        0x8 freertos/portable/MemMang/heap_2.o
 .group         0x0000000000000000        0x8 freertos/portable/MemMang/heap_2.o
 .rodata        0x0000000000000000        0x2 freertos/portable/MemMang/heap_2.o
 .debug_macro   0x0000000000000000      0x892 freertos/portable/MemMang/heap_2.o
 .debug_macro   0x0000000000000000       0x22 freertos/portable/MemMang/heap_2.o
 .debug_macro   0x0000000000000000       0x4c freertos/portable/MemMang/heap_2.o
 .debug_macro   0x0000000000000000       0x8d freertos/portable/MemMang/heap_2.o
 .debug_macro   0x0000000000000000       0x35 freertos/portable/MemMang/heap_2.o
 .debug_macro   0x0000000000000000       0x9c freertos/portable/MemMang/heap_2.o
 .debug_macro   0x0000000000000000       0x16 freertos/portable/MemMang/heap_2.o
 .debug_macro   0x0000000000000000      0x10e freertos/portable/MemMang/heap_2.o
 .debug_macro   0x0000000000000000       0x8d freertos/portable/MemMang/heap_2.o
 .debug_macro   0x0000000000000000       0x4a freertos/portable/MemMang/heap_2.o
 .debug_macro   0x0000000000000000       0x52 freertos/portable/MemMang/heap_2.o
 .debug_macro   0x0000000000000000       0x1f freertos/portable/MemMang/heap_2.o
 .debug_macro   0x0000000000000000       0x43 freertos/portable/MemMang/heap_2.o
 .debug_macro   0x0000000000000000       0x20 freertos/portable/MemMang/heap_2.o
 .debug_macro   0x0000000000000000      0x187 freertos/portable/MemMang/heap_2.o
 .debug_macro   0x0000000000000000      0x30d freertos/portable/MemMang/heap_2.o
 .debug_macro   0x0000000000000000       0x16 freertos/portable/MemMang/heap_2.o
 .debug_macro   0x0000000000000000       0x29 freertos/portable/MemMang/heap_2.o
 .debug_macro   0x0000000000000000       0xfd freertos/portable/MemMang/heap_2.o
 .debug_macro   0x0000000000000000       0x5e freertos/portable/MemMang/heap_2.o
 .debug_macro   0x0000000000000000      0x1df freertos/portable/MemMang/heap_2.o
 .debug_macro   0x0000000000000000       0xfa freertos/portable/MemMang/heap_2.o
 .debug_macro   0x0000000000000000      0x15d freertos/portable/MemMang/heap_2.o
 .debug_macro   0x0000000000000000       0xaf freertos/portable/MemMang/heap_2.o
 .debug_macro   0x0000000000000000       0x10 freertos/portable/MemMang/heap_2.o
 .debug_macro   0x0000000000000000       0x1f freertos/portable/MemMang/heap_2.o
 .debug_macro   0x0000000000000000      0x3d1 freertos/portable/MemMang/heap_2.o
 .debug_macro   0x0000000000000000       0xc0 freertos/portable/MemMang/heap_2.o
 .debug_macro   0x0000000000000000       0x9a freertos/portable/MemMang/heap_2.o
 .group         0x0000000000000000        0x8 freertos/portable/GCC/ARM_CM0/port.o
 .group         0x0000000000000000        0x8 freertos/portable/GCC/ARM_CM0/port.o
 .group         0x0000000000000000        0x8 freertos/portable/GCC/ARM_CM0/port.o
 .group         0x0000000000000000        0x8 freertos/portable/GCC/ARM_CM0/port.o
 .group         0x0000000000000000        0x8 freertos/portable/GCC/ARM_CM0/port.o
 .group         0x0000000000000000        0x8 freertos/portable/GCC/ARM_CM0/port.o
 .group         0x0000000000000000        0x8 freertos/portable/GCC/ARM_CM0/port.o
 .group         0x0000000000000000        0x8 freertos/portable/GCC/ARM_CM0/port.o
 .group         0x0000000000000000        0x8 freertos/portable/GCC/ARM_CM0/port.o
 .group         0x0000000000000000        0x8 freertos/portable/GCC/ARM_CM0/port.o
 .group         0x0000000000000000        0x8 freertos/portable/GCC/ARM_CM0/port.o
 .group         0x0000000000000000        0x8 freertos/portable/GCC/ARM_CM0/port.o
 .group         0x0000000000000000        0x8 freertos/portable/GCC/ARM_CM0/port.o
 .group         0x0000000000000000        0x8 freertos/portable/GCC/ARM_CM0/port.o
 .group         0x0000000000000000        0x8 freertos/portable/GCC/ARM_CM0/port.o
 .group         0x0000000000000000        0x8 freertos/portable/GCC/ARM_CM0/port.o
 .bss           0x0000000000000000        0x0 freertos/portable/GCC/ARM_CM0/port.o
 .debug_macro   0x0000000000000000      0x892 freertos/portable/GCC/ARM_CM0/port.o
 .debug_macro   0x0000000000000000      0x174 freertos/portable/GCC/ARM_CM0/port.o
 .debug_macro   0x0000000000000000       0x22 freertos/portable/GCC/ARM_CM0/port.o
 .debug_macro   0x0000000000000000       0x87 freertos/portable/GCC/ARM_CM0/port.o
 .debug_macro   0x0000000000000000       0x44 freertos/portable/GCC/ARM_CM0/port.o
 .debug_macro   0x0000000000000000       0xfd freertos/portable/GCC/ARM_CM0/port.o
 .debug_macro   0x0000000000000000       0x5e freertos/portable/GCC/ARM_CM0/port.o
 .debug_macro   0x0000000000000000      0x1df freertos/portable/GCC/ARM_CM0/port.o
 .debug_macro   0x0000000000000000       0xfa freertos/portable/GCC/ARM_CM0/port.o
 .debug_macro   0x0000000000000000      0x15d freertos/portable/GCC/ARM_CM0/port.o
 .debug_macro   0x0000000000000000       0xaf freertos/portable/GCC/ARM_CM0/port.o
 .debug_macro   0x0000000000000000       0x10 freertos/portable/GCC/ARM_CM0/port.o
 .debug_macro   0x0000000000000000       0x1f freertos/portable/GCC/ARM_CM0/port.o
 .debug_macro   0x0000000000000000      0x3d1 freertos/portable/GCC/ARM_CM0/port.o
 .debug_macro   0x0000000000000000       0xc0 freertos/portable/GCC/ARM_CM0/port.o
 .debug_macro   0x0000000000000000       0x9a freertos/portable/GCC/ARM_CM0/port.o
 .data          0x0000000000000000        0x0 /usr/lib/gcc/arm-none-eabi/6.3.1/thumb/v6-m/libgcc.a(_udivsi3.o)
 .bss           0x0000000000000000        0x0 /usr/lib/gcc/arm-none-eabi/6.3.1/thumb/v6-m/libgcc.a(_udivsi3.o)
 .data          0x0000000000000000        0x0 /usr/lib/gcc/arm-none-eabi/6.3.1/thumb/v6-m/libgcc.a(_divsi3.o)
 .bss           0x0000000000000000        0x0 /usr/lib/gcc/arm-none-eabi/6.3.1/thumb/v6-m/libgcc.a(_divsi3.o)
 .data          0x0000000000000000        0x0 /usr/lib/gcc/arm-none-eabi/6.3.1/thumb/v6-m/libgcc.a(_dvmd_tls.o)
 .bss           0x0000000000000000        0x0 /usr/lib/gcc/arm-none-eabi/6.3.1/thumb/v6-m/libgcc.a(_dvmd_tls.o)
 .data          0x0000000000000000        0x0 /usr/lib/gcc/arm-none-eabi/6.3.1/thumb/v6-m/libgcc.a(_fixunsdfsi.o)
 .bss           0x0000000000000000        0x0 /usr/lib/gcc/arm-none-eabi/6.3.1/thumb/v6-m/libgcc.a(_fixunsdfsi.o)
 .data          0x0000000000000000        0x0 /usr/lib/gcc/arm-none-eabi/6.3.1/thumb/v6-m/libgcc.a(adddf3.o)
 .bss           0x0000000000000000        0x0 /usr/lib/gcc/arm-none-eabi/6.3.1/thumb/v6-m/libgcc.a(adddf3.o)
 .data          0x0000000000000000        0x0 /usr/lib/gcc/arm-none-eabi/6.3.1/thumb/v6-m/libgcc.a(subdf3.o)
 .bss           0x0000000000000000        0x0 /usr/lib/gcc/arm-none-eabi/6.3.1/thumb/v6-m/libgcc.a(subdf3.o)
 .data          0x0000000000000000        0x0 /usr/lib/gcc/arm-none-eabi/6.3.1/thumb/v6-m/libgcc.a(fixdfsi.o)
 .bss           0x0000000000000000        0x0 /usr/lib/gcc/arm-none-eabi/6.3.1/thumb/v6-m/libgcc.a(fixdfsi.o)
 .data          0x0000000000000000        0x0 /usr/lib/gcc/arm-none-eabi/6.3.1/thumb/v6-m/libgcc.a(floatsidf.o)
 .bss           0x0000000000000000        0x0 /usr/lib/gcc/arm-none-eabi/6.3.1/thumb/v6-m/libgcc.a(floatsidf.o)
 .data          0x0000000000000000        0x0 /usr/lib/gcc/arm-none-eabi/6.3.1/thumb/v6-m/libgcc.a(_arm_cmpdf2.o)
 .bss           0x0000000000000000        0x0 /usr/lib/gcc/arm-none-eabi/6.3.1/thumb/v6-m/libgcc.a(_arm_cmpdf2.o)
 .data          0x0000000000000000        0x0 /usr/lib/gcc/arm-none-eabi/6.3.1/thumb/v6-m/libgcc.a(_clzsi2.o)
 .bss           0x0000000000000000        0x0 /usr/lib/gcc/arm-none-eabi/6.3.1/thumb/v6-m/libgcc.a(_clzsi2.o)
 .data          0x0000000000000000        0x0 /usr/lib/gcc/arm-none-eabi/6.3.1/thumb/v6-m/libgcc.a(eqdf2.o)
 .bss           0x0000000000000000        0x0 /usr/lib/gcc/arm-none-eabi/6.3.1/thumb/v6-m/libgcc.a(eqdf2.o)
 .data          0x0000000000000000        0x0 /usr/lib/gcc/arm-none-eabi/6.3.1/thumb/v6-m/libgcc.a(gedf2.o)
 .bss           0x0000000000000000        0x0 /usr/lib/gcc/arm-none-eabi/6.3.1/thumb/v6-m/libgcc.a(gedf2.o)
 .data          0x0000000000000000        0x0 /usr/lib/gcc/arm-none-eabi/6.3.1/thumb/v6-m/libgcc.a(ledf2.o)
 .bss           0x0000000000000000        0x0 /usr/lib/gcc/arm-none-eabi/6.3.1/thumb/v6-m/libgcc.a(ledf2.o)
 .text          0x0000000000000000       0x10 /usr/lib/gcc/arm-none-eabi/6.3.1/../../../arm-none-eabi/lib/thumb/v6-m/libg_nano.a(lib_a-atexit.o)
 .data          0x0000000000000000        0x0 /usr/lib/gcc/arm-none-eabi/6.3.1/../../../arm-none-eabi/lib/thumb/v6-m/libg_nano.a(lib_a-atexit.o)
 .bss           0x0000000000000000        0x0 /usr/lib/gcc/arm-none-eabi/6.3.1/../../../arm-none-eabi/lib/thumb/v6-m/libg_nano.a(lib_a-atexit.o)
 .debug_info    0x0000000000000000      0x902 /usr/lib/gcc/arm-none-eabi/6.3.1/../../../arm-none-eabi/lib/thumb/v6-m/libg_nano.a(lib_a-atexit.o)
 .debug_abbrev  0x0000000000000000      0x1bd /usr/lib/gcc/arm-none-eabi/6.3.1/../../../arm-none-eabi/lib/thumb/v6-m/libg_nano.a(lib_a-atexit.o)
 .debug_loc     0x0000000000000000       0x2c /usr/lib/gcc/arm-none-eabi/6.3.1/../../../arm-none-eabi/lib/thumb/v6-m/libg_nano.a(lib_a-atexit.o)
 .debug_aranges
                0x0000000000000000       0x20 /usr/lib/gcc/arm-none-eabi/6.3.1/../../../arm-none-eabi/lib/thumb/v6-m/libg_nano.a(lib_a-atexit.o)
 .debug_line    0x0000000000000000      0x153 /usr/lib/gcc/arm-none-eabi/6.3.1/../../../arm-none-eabi/lib/thumb/v6-m/libg_nano.a(lib_a-atexit.o)
 .debug_str     0x0000000000000000      0x5f3 /usr/lib/gcc/arm-none-eabi/6.3.1/../../../arm-none-eabi/lib/thumb/v6-m/libg_nano.a(lib_a-atexit.o)
 .comment       0x0000000000000000       0x32 /usr/lib/gcc/arm-none-eabi/6.3.1/../../../arm-none-eabi/lib/thumb/v6-m/libg_nano.a(lib_a-atexit.o)
 .debug_frame   0x0000000000000000       0x28 /usr/lib/gcc/arm-none-eabi/6.3.1/../../../arm-none-eabi/lib/thumb/v6-m/libg_nano.a(lib_a-atexit.o)
 .ARM.attributes
                0x0000000000000000       0x2c /usr/lib/gcc/arm-none-eabi/6.3.1/../../../arm-none-eabi/lib/thumb/v6-m/libg_nano.a(lib_a-atexit.o)
 .text          0x0000000000000000       0x2c /usr/lib/gcc/arm-none-eabi/6.3.1/../../../arm-none-eabi/lib/thumb/v6-m/libg_nano.a(lib_a-exit.o)
 .data          0x0000000000000000        0x0 /usr/lib/gcc/arm-none-eabi/6.3.1/../../../arm-none-eabi/lib/thumb/v6-m/libg_nano.a(lib_a-exit.o)
 .bss           0x0000000000000000        0x0 /usr/lib/gcc/arm-none-eabi/6.3.1/../../../arm-none-eabi/lib/thumb/v6-m/libg_nano.a(lib_a-exit.o)
 .debug_info    0x0000000000000000      0x94e /usr/lib/gcc/arm-none-eabi/6.3.1/../../../arm-none-eabi/lib/thumb/v6-m/libg_nano.a(lib_a-exit.o)
 .debug_abbrev  0x0000000000000000      0x1c4 /usr/lib/gcc/arm-none-eabi/6.3.1/../../../arm-none-eabi/lib/thumb/v6-m/libg_nano.a(lib_a-exit.o)
 .debug_loc     0x0000000000000000       0x1e /usr/lib/gcc/arm-none-eabi/6.3.1/../../../arm-none-eabi/lib/thumb/v6-m/libg_nano.a(lib_a-exit.o)
 .debug_aranges
                0x0000000000000000       0x20 /usr/lib/gcc/arm-none-eabi/6.3.1/../../../arm-none-eabi/lib/thumb/v6-m/libg_nano.a(lib_a-exit.o)
 .debug_line    0x0000000000000000      0x156 /usr/lib/gcc/arm-none-eabi/6.3.1/../../../arm-none-eabi/lib/thumb/v6-m/libg_nano.a(lib_a-exit.o)
 .debug_str     0x0000000000000000      0x5f4 /usr/lib/gcc/arm-none-eabi/6.3.1/../../../arm-none-eabi/lib/thumb/v6-m/libg_nano.a(lib_a-exit.o)
 .comment       0x0000000000000000       0x32 /usr/lib/gcc/arm-none-eabi/6.3.1/../../../arm-none-eabi/lib/thumb/v6-m/libg_nano.a(lib_a-exit.o)
 .debug_frame   0x0000000000000000       0x28 /usr/lib/gcc/arm-none-eabi/6.3.1/../../../arm-none-eabi/lib/thumb/v6-m/libg_nano.a(lib_a-exit.o)
 .ARM.attributes
                0x0000000000000000       0x2c /usr/lib/gcc/arm-none-eabi/6.3.1/../../../arm-none-eabi/lib/thumb/v6-m/libg_nano.a(lib_a-exit.o)
 .text          0x0000000000000000       0x34 /usr/lib/gcc/arm-none-eabi/6.3.1/../../../arm-none-eabi/lib/thumb/v6-m/libg_nano.a(lib_a-fini.o)
 .data          0x0000000000000000        0x0 /usr/lib/gcc/arm-none-eabi/6.3.1/../../../arm-none-eabi/lib/thumb/v6-m/libg_nano.a(lib_a-fini.o)
 .bss           0x0000000000000000        0x0 /usr/lib/gcc/arm-none-eabi/6.3.1/../../../arm-none-eabi/lib/thumb/v6-m/libg_nano.a(lib_a-fini.o)
 .debug_info    0x0000000000000000       0xfa /usr/lib/gcc/arm-none-eabi/6.3.1/../../../arm-none-eabi/lib/thumb/v6-m/libg_nano.a(lib_a-fini.o)
 .debug_abbrev  0x0000000000000000       0xba /usr/lib/gcc/arm-none-eabi/6.3.1/../../../arm-none-eabi/lib/thumb/v6-m/libg_nano.a(lib_a-fini.o)
 .debug_loc     0x0000000000000000       0x3e /usr/lib/gcc/arm-none-eabi/6.3.1/../../../arm-none-eabi/lib/thumb/v6-m/libg_nano.a(lib_a-fini.o)
 .debug_aranges
                0x0000000000000000       0x20 /usr/lib/gcc/arm-none-eabi/6.3.1/../../../arm-none-eabi/lib/thumb/v6-m/libg_nano.a(lib_a-fini.o)
 .debug_line    0x0000000000000000       0x9f /usr/lib/gcc/arm-none-eabi/6.3.1/../../../arm-none-eabi/lib/thumb/v6-m/libg_nano.a(lib_a-fini.o)
 .debug_str     0x0000000000000000      0x1cf /usr/lib/gcc/arm-none-eabi/6.3.1/../../../arm-none-eabi/lib/thumb/v6-m/libg_nano.a(lib_a-fini.o)
 .comment       0x0000000000000000       0x32 /usr/lib/gcc/arm-none-eabi/6.3.1/../../../arm-none-eabi/lib/thumb/v6-m/libg_nano.a(lib_a-fini.o)
 .debug_frame   0x0000000000000000       0x2c /usr/lib/gcc/arm-none-eabi/6.3.1/../../../arm-none-eabi/lib/thumb/v6-m/libg_nano.a(lib_a-fini.o)
 .ARM.attributes
                0x0000000000000000       0x2c /usr/lib/gcc/arm-none-eabi/6.3.1/../../../arm-none-eabi/lib/thumb/v6-m/libg_nano.a(lib_a-fini.o)
 .text          0x0000000000000000        0x0 /usr/lib/gcc/arm-none-eabi/6.3.1/../../../arm-none-eabi/lib/thumb/v6-m/libg_nano.a(lib_a-impure.o)
 .data          0x0000000000000000       0x64 /usr/lib/gcc/arm-none-eabi/6.3.1/../../../arm-none-eabi/lib/thumb/v6-m/libg_nano.a(lib_a-impure.o)
 .bss           0x0000000000000000        0x0 /usr/lib/gcc/arm-none-eabi/6.3.1/../../../arm-none-eabi/lib/thumb/v6-m/libg_nano.a(lib_a-impure.o)
 .rodata        0x0000000000000000        0x4 /usr/lib/gcc/arm-none-eabi/6.3.1/../../../arm-none-eabi/lib/thumb/v6-m/libg_nano.a(lib_a-impure.o)
 .rodata.str1.4
                0x0000000000000000        0x2 /usr/lib/gcc/arm-none-eabi/6.3.1/../../../arm-none-eabi/lib/thumb/v6-m/libg_nano.a(lib_a-impure.o)
 .debug_info    0x0000000000000000      0x8a0 /usr/lib/gcc/arm-none-eabi/6.3.1/../../../arm-none-eabi/lib/thumb/v6-m/libg_nano.a(lib_a-impure.o)
 .debug_abbrev  0x0000000000000000      0x153 /usr/lib/gcc/arm-none-eabi/6.3.1/../../../arm-none-eabi/lib/thumb/v6-m/libg_nano.a(lib_a-impure.o)
 .debug_aranges
                0x0000000000000000       0x18 /usr/lib/gcc/arm-none-eabi/6.3.1/../../../arm-none-eabi/lib/thumb/v6-m/libg_nano.a(lib_a-impure.o)
 .debug_line    0x0000000000000000       0xe9 /usr/lib/gcc/arm-none-eabi/6.3.1/../../../arm-none-eabi/lib/thumb/v6-m/libg_nano.a(lib_a-impure.o)
 .debug_str     0x0000000000000000      0x5a8 /usr/lib/gcc/arm-none-eabi/6.3.1/../../../arm-none-eabi/lib/thumb/v6-m/libg_nano.a(lib_a-impure.o)
 .comment       0x0000000000000000       0x32 /usr/lib/gcc/arm-none-eabi/6.3.1/../../../arm-none-eabi/lib/thumb/v6-m/libg_nano.a(lib_a-impure.o)
 .ARM.attributes
                0x0000000000000000       0x2c /usr/lib/gcc/arm-none-eabi/6.3.1/../../../arm-none-eabi/lib/thumb/v6-m/libg_nano.a(lib_a-impure.o)
 .text          0x0000000000000000       0x48 /usr/lib/gcc/arm-none-eabi/6.3.1/../../../arm-none-eabi/lib/thumb/v6-m/libg_nano.a(lib_a-init.o)
 .data          0x0000000000000000        0x0 /usr/lib/gcc/arm-none-eabi/6.3.1/../../../arm-none-eabi/lib/thumb/v6-m/libg_nano.a(lib_a-init.o)
 .bss           0x0000000000000000        0x0 /usr/lib/gcc/arm-none-eabi/6.3.1/../../../arm-none-eabi/lib/thumb/v6-m/libg_nano.a(lib_a-init.o)
 .debug_info    0x0000000000000000      0x110 /usr/lib/gcc/arm-none-eabi/6.3.1/../../../arm-none-eabi/lib/thumb/v6-m/libg_nano.a(lib_a-init.o)
 .debug_abbrev  0x0000000000000000       0xba /usr/lib/gcc/arm-none-eabi/6.3.1/../../../arm-none-eabi/lib/thumb/v6-m/libg_nano.a(lib_a-init.o)
 .debug_loc     0x0000000000000000       0x84 /usr/lib/gcc/arm-none-eabi/6.3.1/../../../arm-none-eabi/lib/thumb/v6-m/libg_nano.a(lib_a-init.o)
 .debug_aranges
                0x0000000000000000       0x20 /usr/lib/gcc/arm-none-eabi/6.3.1/../../../arm-none-eabi/lib/thumb/v6-m/libg_nano.a(lib_a-init.o)
 .debug_line    0x0000000000000000       0xc3 /usr/lib/gcc/arm-none-eabi/6.3.1/../../../arm-none-eabi/lib/thumb/v6-m/libg_nano.a(lib_a-init.o)
 .debug_str     0x0000000000000000      0x1f9 /usr/lib/gcc/arm-none-eabi/6.3.1/../../../arm-none-eabi/lib/thumb/v6-m/libg_nano.a(lib_a-init.o)
 .comment       0x0000000000000000       0x32 /usr/lib/gcc/arm-none-eabi/6.3.1/../../../arm-none-eabi/lib/thumb/v6-m/libg_nano.a(lib_a-init.o)
 .debug_frame   0x0000000000000000       0x2c /usr/lib/gcc/arm-none-eabi/6.3.1/../../../arm-none-eabi/lib/thumb/v6-m/libg_nano.a(lib_a-init.o)
 .ARM.attributes
                0x0000000000000000       0x2c /usr/lib/gcc/arm-none-eabi/6.3.1/../../../arm-none-eabi/lib/thumb/v6-m/libg_nano.a(lib_a-init.o)
 .data          0x0000000000000000        0x0 /usr/lib/gcc/arm-none-eabi/6.3.1/../../../arm-none-eabi/lib/thumb/v6-m/libg_nano.a(lib_a-memcpy-stub.o)
 .bss           0x0000000000000000        0x0 /usr/lib/gcc/arm-none-eabi/6.3.1/../../../arm-none-eabi/lib/thumb/v6-m/libg_nano.a(lib_a-memcpy-stub.o)
 .text          0x0000000000000000       0x94 /usr/lib/gcc/arm-none-eabi/6.3.1/../../../arm-none-eabi/lib/thumb/v6-m/libg_nano.a(lib_a-memset.o)
 .data          0x0000000000000000        0x0 /usr/lib/gcc/arm-none-eabi/6.3.1/../../../arm-none-eabi/lib/thumb/v6-m/libg_nano.a(lib_a-memset.o)
 .bss           0x0000000000000000        0x0 /usr/lib/gcc/arm-none-eabi/6.3.1/../../../arm-none-eabi/lib/thumb/v6-m/libg_nano.a(lib_a-memset.o)
 .debug_info    0x0000000000000000      0x916 /usr/lib/gcc/arm-none-eabi/6.3.1/../../../arm-none-eabi/lib/thumb/v6-m/libg_nano.a(lib_a-memset.o)
 .debug_abbrev  0x0000000000000000      0x197 /usr/lib/gcc/arm-none-eabi/6.3.1/../../../arm-none-eabi/lib/thumb/v6-m/libg_nano.a(lib_a-memset.o)
 .debug_loc     0x0000000000000000      0x1a4 /usr/lib/gcc/arm-none-eabi/6.3.1/../../../arm-none-eabi/lib/thumb/v6-m/libg_nano.a(lib_a-memset.o)
 .debug_aranges
                0x0000000000000000       0x20 /usr/lib/gcc/arm-none-eabi/6.3.1/../../../arm-none-eabi/lib/thumb/v6-m/libg_nano.a(lib_a-memset.o)
 .debug_line    0x0000000000000000      0x16d /usr/lib/gcc/arm-none-eabi/6.3.1/../../../arm-none-eabi/lib/thumb/v6-m/libg_nano.a(lib_a-memset.o)
 .debug_str     0x0000000000000000      0x5c0 /usr/lib/gcc/arm-none-eabi/6.3.1/../../../arm-none-eabi/lib/thumb/v6-m/libg_nano.a(lib_a-memset.o)
 .comment       0x0000000000000000       0x32 /usr/lib/gcc/arm-none-eabi/6.3.1/../../../arm-none-eabi/lib/thumb/v6-m/libg_nano.a(lib_a-memset.o)
 .debug_frame   0x0000000000000000       0x30 /usr/lib/gcc/arm-none-eabi/6.3.1/../../../arm-none-eabi/lib/thumb/v6-m/libg_nano.a(lib_a-memset.o)
 .ARM.attributes
                0x0000000000000000       0x2c /usr/lib/gcc/arm-none-eabi/6.3.1/../../../arm-none-eabi/lib/thumb/v6-m/libg_nano.a(lib_a-memset.o)
 .text          0x0000000000000000       0xf0 /usr/lib/gcc/arm-none-eabi/6.3.1/../../../arm-none-eabi/lib/thumb/v6-m/libg_nano.a(lib_a-__atexit.o)
 .data          0x0000000000000000        0x4 /usr/lib/gcc/arm-none-eabi/6.3.1/../../../arm-none-eabi/lib/thumb/v6-m/libg_nano.a(lib_a-__atexit.o)
 .bss           0x0000000000000000       0x8c /usr/lib/gcc/arm-none-eabi/6.3.1/../../../arm-none-eabi/lib/thumb/v6-m/libg_nano.a(lib_a-__atexit.o)
 .debug_info    0x0000000000000000      0x9a0 /usr/lib/gcc/arm-none-eabi/6.3.1/../../../arm-none-eabi/lib/thumb/v6-m/libg_nano.a(lib_a-__atexit.o)
 .debug_abbrev  0x0000000000000000      0x227 /usr/lib/gcc/arm-none-eabi/6.3.1/../../../arm-none-eabi/lib/thumb/v6-m/libg_nano.a(lib_a-__atexit.o)
 .debug_loc     0x0000000000000000      0x209 /usr/lib/gcc/arm-none-eabi/6.3.1/../../../arm-none-eabi/lib/thumb/v6-m/libg_nano.a(lib_a-__atexit.o)
 .debug_aranges
                0x0000000000000000       0x20 /usr/lib/gcc/arm-none-eabi/6.3.1/../../../arm-none-eabi/lib/thumb/v6-m/libg_nano.a(lib_a-__atexit.o)
 .debug_line    0x0000000000000000      0x192 /usr/lib/gcc/arm-none-eabi/6.3.1/../../../arm-none-eabi/lib/thumb/v6-m/libg_nano.a(lib_a-__atexit.o)
 .debug_str     0x0000000000000000      0x63b /usr/lib/gcc/arm-none-eabi/6.3.1/../../../arm-none-eabi/lib/thumb/v6-m/libg_nano.a(lib_a-__atexit.o)
 .comment       0x0000000000000000       0x32 /usr/lib/gcc/arm-none-eabi/6.3.1/../../../arm-none-eabi/lib/thumb/v6-m/libg_nano.a(lib_a-__atexit.o)
 .debug_frame   0x0000000000000000       0x38 /usr/lib/gcc/arm-none-eabi/6.3.1/../../../arm-none-eabi/lib/thumb/v6-m/libg_nano.a(lib_a-__atexit.o)
 .ARM.attributes
                0x0000000000000000       0x2c /usr/lib/gcc/arm-none-eabi/6.3.1/../../../arm-none-eabi/lib/thumb/v6-m/libg_nano.a(lib_a-__atexit.o)
 .text          0x0000000000000000      0x128 /usr/lib/gcc/arm-none-eabi/6.3.1/../../../arm-none-eabi/lib/thumb/v6-m/libg_nano.a(lib_a-__call_atexit.o)
 .data          0x0000000000000000        0x0 /usr/lib/gcc/arm-none-eabi/6.3.1/../../../arm-none-eabi/lib/thumb/v6-m/libg_nano.a(lib_a-__call_atexit.o)
 .bss           0x0000000000000000        0x4 /usr/lib/gcc/arm-none-eabi/6.3.1/../../../arm-none-eabi/lib/thumb/v6-m/libg_nano.a(lib_a-__call_atexit.o)
 .debug_info    0x0000000000000000      0x98a /usr/lib/gcc/arm-none-eabi/6.3.1/../../../arm-none-eabi/lib/thumb/v6-m/libg_nano.a(lib_a-__call_atexit.o)
 .debug_abbrev  0x0000000000000000      0x210 /usr/lib/gcc/arm-none-eabi/6.3.1/../../../arm-none-eabi/lib/thumb/v6-m/libg_nano.a(lib_a-__call_atexit.o)
 .debug_loc     0x0000000000000000      0x2aa /usr/lib/gcc/arm-none-eabi/6.3.1/../../../arm-none-eabi/lib/thumb/v6-m/libg_nano.a(lib_a-__call_atexit.o)
 .debug_aranges
                0x0000000000000000       0x20 /usr/lib/gcc/arm-none-eabi/6.3.1/../../../arm-none-eabi/lib/thumb/v6-m/libg_nano.a(lib_a-__call_atexit.o)
 .debug_ranges  0x0000000000000000       0x28 /usr/lib/gcc/arm-none-eabi/6.3.1/../../../arm-none-eabi/lib/thumb/v6-m/libg_nano.a(lib_a-__call_atexit.o)
 .debug_line    0x0000000000000000      0x1d5 /usr/lib/gcc/arm-none-eabi/6.3.1/../../../arm-none-eabi/lib/thumb/v6-m/libg_nano.a(lib_a-__call_atexit.o)
 .debug_str     0x0000000000000000      0x5eb /usr/lib/gcc/arm-none-eabi/6.3.1/../../../arm-none-eabi/lib/thumb/v6-m/libg_nano.a(lib_a-__call_atexit.o)
 .comment       0x0000000000000000       0x32 /usr/lib/gcc/arm-none-eabi/6.3.1/../../../arm-none-eabi/lib/thumb/v6-m/libg_nano.a(lib_a-__call_atexit.o)
 .debug_frame   0x0000000000000000       0x3c /usr/lib/gcc/arm-none-eabi/6.3.1/../../../arm-none-eabi/lib/thumb/v6-m/libg_nano.a(lib_a-__call_atexit.o)
 .ARM.attributes
                0x0000000000000000       0x2c /usr/lib/gcc/arm-none-eabi/6.3.1/../../../arm-none-eabi/lib/thumb/v6-m/libg_nano.a(lib_a-__call_atexit.o)
 .text          0x0000000000000000        0x0 /usr/lib/gcc/arm-none-eabi/6.3.1/thumb/v6-m/crtend.o
 .data          0x0000000000000000        0x0 /usr/lib/gcc/arm-none-eabi/6.3.1/thumb/v6-m/crtend.o
 .bss           0x0000000000000000        0x0 /usr/lib/gcc/arm-none-eabi/6.3.1/thumb/v6-m/crtend.o
 .eh_frame      0x0000000000000000        0x4 /usr/lib/gcc/arm-none-eabi/6.3.1/thumb/v6-m/crtend.o
 .jcr           0x0000000000000000        0x4 /usr/lib/gcc/arm-none-eabi/6.3.1/thumb/v6-m/crtend.o
 .tm_clone_table
                0x0000000000000000        0x0 /usr/lib/gcc/arm-none-eabi/6.3.1/thumb/v6-m/crtend.o
 .comment       0x0000000000000000       0x32 /usr/lib/gcc/arm-none-eabi/6.3.1/thumb/v6-m/crtend.o
 .ARM.attributes
                0x0000000000000000       0x2c /usr/lib/gcc/arm-none-eabi/6.3.1/thumb/v6-m/crtend.o
 .text          0x0000000000000000        0x0 /usr/lib/gcc/arm-none-eabi/6.3.1/thumb/v6-m/crtn.o
 .data          0x0000000000000000        0x0 /usr/lib/gcc/arm-none-eabi/6.3.1/thumb/v6-m/crtn.o
 .bss           0x0000000000000000        0x0 /usr/lib/gcc/arm-none-eabi/6.3.1/thumb/v6-m/crtn.o
 .init          0x0000000000000000        0x8 /usr/lib/gcc/arm-none-eabi/6.3.1/thumb/v6-m/crtn.o
 .fini          0x0000000000000000        0x8 /usr/lib/gcc/arm-none-eabi/6.3.1/thumb/v6-m/crtn.o
 .ARM.attributes
                0x0000000000000000       0x1e /usr/lib/gcc/arm-none-eabi/6.3.1/thumb/v6-m/crtn.o

Memory Configuration

Name             Origin             Length             Attributes
INTERRUPTS       0x0000000000000000 0x0000000000000100 xr
FLASH_CONFIG     0x0000000000000400 0x0000000000000010 xr
TEXT             0x0000000000000410 0x000000000003fbf0 xr
RAM              0x000000001fffe000 0x0000000000008000 xrw
*default*        0x0000000000000000 0xffffffffffffffff

Linker script and memory map

LOAD /usr/lib/gcc/arm-none-eabi/6.3.1/thumb/v6-m/crti.o
LOAD /usr/lib/gcc/arm-none-eabi/6.3.1/thumb/v6-m/crtbegin.o
LOAD /usr/lib/gcc/arm-none-eabi/6.3.1/../../../arm-none-eabi/lib/thumb/v6-m/crt0.o
                0x0000000000000400                STACK_SIZE = DEFINED (__stack_size__)?__stack_size__:0x400

.interrupts     0x0000000000000000       0xc0
 *(.isr_vector .isr_vector.*)
 .isr_vector    0x0000000000000000       0xc0 startup.o
                0x0000000000000000                g_pfnVectors

.flash_config   0x0000000000000400       0x10
                0x0000000000000400                . = ALIGN (0x4)
                0x0000000000000400        0x4 LONG 0xffffffff
                0x0000000000000404        0x4 LONG 0xffffffff
                0x0000000000000408        0x4 LONG 0xffffffff
                0x000000000000040c        0x4 LONG 0xfffffffe

.text           0x0000000000000410     0x44e0
 *(.text .text.* .gnu.linkonce.t.*)
 .text          0x0000000000000410      0x744 lcd.o
                0x0000000000000410                lcd_ini
                0x0000000000000574                lcd_set
                0x00000000000008e4                lcd_display_dec
                0x00000000000009c0                lcd_display_hex
                0x0000000000000a26                lcd_display_time
                0x0000000000000ae4                lcd_display_error
 .text          0x0000000000000b54      0x4f4 main.o
                0x0000000000000c64                irclk_ini
                0x0000000000000c80                bt1_init
                0x0000000000000cf4                bt2_init
                0x0000000000000d68                led_green_init
                0x0000000000000db8                led_green_toggle
                0x0000000000000dcc                led_green_on
                0x0000000000000de8                led_green_off
                0x0000000000000e04                led_red_init
                0x0000000000000e58                led_red_toggle
                0x0000000000000e70                led_red_on
                0x0000000000000e8c                led_red_off
                0x0000000000000ea8                PORTDIntHandler
                0x0000000000000ef0                taskSumSwitch
                0x0000000000000f34                taskReceiveP
                0x0000000000000f84                taskDisplay
                0x0000000000000fac                main
 .text          0x0000000000001048       0x68 startup.o
                0x0000000000001048                RTCSIntHandler
                0x0000000000001048                FTM1IntHandler
                0x0000000000001048                USBOTGIntHandler
                0x0000000000001048                UART0SEIntHandler
                0x0000000000001048                UART2SEIntHandler
                0x0000000000001048                FTM2IntHandler
                0x0000000000001048                I2C1IntHandler
                0x0000000000001048                Default_ResetHandler
                0x0000000000001048                DMA1IntHandler
                0x0000000000001048                DACIntHandler
                0x0000000000001048                ACMPIntHandler
                0x0000000000001048                ResetHandler
                0x0000000000001048                LVDIntHandler
                0x0000000000001048                PORTAIntHandler
                0x0000000000001048                SPI1IntHandler
                0x0000000000001048                FTFAIntHandler
                0x0000000000001048                UART1SEIntHandler
                0x0000000000001048                ADCIntHandler
                0x0000000000001048                DMA0IntHandler
                0x0000000000001048                I2C0IntHandler
                0x0000000000001048                FTM0IntHandler
                0x0000000000001048                LLWUIntHandler
                0x0000000000001048                MCGIntHandler
                0x0000000000001048                RTCAIntHandler
                0x0000000000001048                SPI0IntHandler
                0x0000000000001048                TSIIntHandler
                0x0000000000001048                LPTMRIntHandler
                0x0000000000001048                PITIntHandler
                0x0000000000001048                DMA3IntHandler
                0x0000000000001048                DMA2IntHandler
                0x00000000000010a8                HardFaultIntHandler
                0x00000000000010a8                BusFaultIntHandler
                0x00000000000010a8                NMIIntHandler
                0x00000000000010a8                UsageFaultIntHandler
                0x00000000000010a8                MemManageIntHandler
                0x00000000000010a8                DebugMonIntHandler
 .text          0x00000000000010b0      0x152 freertos/list.o
                0x00000000000010b0                vListInitialise
                0x00000000000010ec                vListInitialiseItem
                0x0000000000001102                vListInsertEnd
                0x0000000000001146                vListInsert
                0x00000000000011b2                uxListRemove
 *fill*         0x0000000000001202        0x2 
 .text          0x0000000000001204      0xbc4 freertos/queue.o
                0x0000000000001204                xQueueGenericReset
                0x00000000000012ae                xQueueGenericCreate
                0x000000000000133a                xQueueCreateMutex
                0x00000000000013ba                xQueueGiveMutexRecursive
                0x0000000000001410                xQueueTakeMutexRecursive
                0x0000000000001470                xQueueGenericSend
                0x00000000000015d2                xQueueGenericSendFromISR
                0x000000000000169e                xQueueGiveFromISR
                0x0000000000001750                xQueueGenericReceive
                0x00000000000018e2                xQueueReceiveFromISR
                0x0000000000001990                xQueuePeekFromISR
                0x0000000000001a14                uxQueueMessagesWaiting
                0x0000000000001a3e                uxQueueSpacesAvailable
                0x0000000000001a72                uxQueueMessagesWaitingFromISR
                0x0000000000001a94                vQueueDelete
                0x0000000000001ca6                xQueueIsQueueEmptyFromISR
                0x0000000000001d04                xQueueIsQueueFullFromISR
                0x0000000000001d36                vQueueAddToRegistry
                0x0000000000001d84                vQueueUnregisterQueue
 .text          0x0000000000001dc8     0x12d0 freertos/tasks.o
                0x0000000000001dc8                xTaskGenericCreate
                0x0000000000001f34                vTaskDelayUntil
                0x0000000000001ff4                vTaskDelay
                0x000000000000205c                vTaskStartScheduler
                0x00000000000020cc                vTaskEndScheduler
                0x00000000000020e8                vTaskSuspendAll
                0x0000000000002100                xTaskResumeAll
                0x0000000000002208                xTaskGetTickCount
                0x0000000000002224                xTaskGetTickCountFromISR
                0x0000000000002244                uxTaskGetNumberOfTasks
                0x0000000000002258                xTaskIncrementTick
                0x00000000000023c4                vTaskSwitchContext
                0x0000000000002464                vTaskPlaceOnEventList
                0x00000000000024b8                vTaskPlaceOnUnorderedEventList
                0x000000000000252c                xTaskRemoveFromEventList
                0x00000000000025e4                xTaskRemoveFromUnorderedEventList
                0x0000000000002694                vTaskSetTimeOutState
                0x00000000000026c8                xTaskCheckForTimeOut
                0x0000000000002758                vTaskMissedYield
                0x00000000000029c4                xTaskGetCurrentTaskHandle
                0x00000000000029e0                vTaskPriorityInherit
                0x0000000000002a9c                xTaskPriorityDisinherit
                0x0000000000002b54                uxTaskResetEventItemValue
                0x0000000000002b80                pvTaskIncrementMutexHeldCount
                0x0000000000002ba4                ulTaskNotifyTake
                0x0000000000002c40                xTaskNotifyWait
                0x0000000000002d00                xTaskGenericNotify
                0x0000000000002e18                xTaskGenericNotifyFromISR
                0x0000000000002f60                vTaskNotifyGiveFromISR
                0x0000000000003048                xTaskNotifyStateClear
 .text          0x0000000000003098      0x1fc freertos/portable/MemMang/heap_2.o
                0x0000000000003098                pvPortMalloc
                0x00000000000031b4                vPortFree
                0x0000000000003228                xPortGetFreeHeapSize
                0x000000000000323c                vPortInitialiseBlocks
 .text          0x0000000000003294      0x21c freertos/portable/GCC/ARM_CM0/port.o
                0x0000000000003294                pxPortInitialiseStack
                0x0000000000003300                vPortSVCHandler
                0x000000000000332a                xPortStartScheduler
                0x000000000000336c                vPortEndScheduler
                0x000000000000338c                vPortYield
                0x00000000000033ac                vPortEnterCritical
                0x00000000000033d0                vPortExitCritical
                0x0000000000003400                ulSetInterruptMaskFromISR
                0x000000000000340c                vClearInterruptMaskFromISR
                0x0000000000003414                xPortPendSVHandler
                0x000000000000345a                xPortSysTickHandler
 .text          0x00000000000034b0      0x114 /usr/lib/gcc/arm-none-eabi/6.3.1/thumb/v6-m/libgcc.a(_udivsi3.o)
                0x00000000000034b0                __udivsi3
                0x00000000000034b0                __aeabi_uidiv
                0x00000000000035bc                __aeabi_uidivmod
 .text          0x00000000000035c4      0x1d4 /usr/lib/gcc/arm-none-eabi/6.3.1/thumb/v6-m/libgcc.a(_divsi3.o)
                0x00000000000035c4                __aeabi_idiv
                0x00000000000035c4                __divsi3
                0x0000000000003790                __aeabi_idivmod
 .text          0x0000000000003798        0x4 /usr/lib/gcc/arm-none-eabi/6.3.1/thumb/v6-m/libgcc.a(_dvmd_tls.o)
                0x0000000000003798                __aeabi_ldiv0
                0x0000000000003798                __aeabi_idiv0
 .text          0x000000000000379c       0x3c /usr/lib/gcc/arm-none-eabi/6.3.1/thumb/v6-m/libgcc.a(_fixunsdfsi.o)
                0x000000000000379c                __fixunsdfsi
                0x000000000000379c                __aeabi_d2uiz
 .text          0x00000000000037d8      0x620 /usr/lib/gcc/arm-none-eabi/6.3.1/thumb/v6-m/libgcc.a(adddf3.o)
                0x00000000000037d8                __aeabi_dadd
 .text          0x0000000000003df8      0x62c /usr/lib/gcc/arm-none-eabi/6.3.1/thumb/v6-m/libgcc.a(subdf3.o)
                0x0000000000003df8                __aeabi_dsub
 .text          0x0000000000004424       0x68 /usr/lib/gcc/arm-none-eabi/6.3.1/thumb/v6-m/libgcc.a(fixdfsi.o)
                0x0000000000004424                __aeabi_d2iz
 .text          0x000000000000448c       0x84 /usr/lib/gcc/arm-none-eabi/6.3.1/thumb/v6-m/libgcc.a(floatsidf.o)
                0x000000000000448c                __aeabi_i2d
 .text          0x0000000000004510       0x7c /usr/lib/gcc/arm-none-eabi/6.3.1/thumb/v6-m/libgcc.a(_arm_cmpdf2.o)
                0x0000000000004510                __aeabi_cdrcmple
                0x0000000000004520                __aeabi_cdcmple
                0x0000000000004520                __aeabi_cdcmpeq
                0x0000000000004530                __aeabi_dcmpeq
                0x000000000000453c                __aeabi_dcmplt
                0x0000000000004550                __aeabi_dcmple
                0x0000000000004564                __aeabi_dcmpgt
                0x0000000000004578                __aeabi_dcmpge
 .text          0x000000000000458c       0x3c /usr/lib/gcc/arm-none-eabi/6.3.1/thumb/v6-m/libgcc.a(_clzsi2.o)
                0x000000000000458c                __clzsi2
 .text          0x00000000000045c8       0x74 /usr/lib/gcc/arm-none-eabi/6.3.1/thumb/v6-m/libgcc.a(eqdf2.o)
                0x00000000000045c8                __eqdf2
                0x00000000000045c8                __nedf2
 .text          0x000000000000463c       0xc8 /usr/lib/gcc/arm-none-eabi/6.3.1/thumb/v6-m/libgcc.a(gedf2.o)
                0x000000000000463c                __gtdf2
                0x000000000000463c                __gedf2
 .text          0x0000000000004704       0xc4 /usr/lib/gcc/arm-none-eabi/6.3.1/thumb/v6-m/libgcc.a(ledf2.o)
                0x0000000000004704                __ltdf2
                0x0000000000004704                __ledf2
 .text          0x00000000000047c8       0x84 /usr/lib/gcc/arm-none-eabi/6.3.1/../../../arm-none-eabi/lib/thumb/v6-m/libg_nano.a(lib_a-memcpy-stub.o)
                0x00000000000047c8                memcpy
 *(.glue_7t)
 .glue_7t       0x000000000000484c        0x0 linker stubs
 *(.glue_7)
 .glue_7        0x000000000000484c        0x0 linker stubs
 *(.rodata .rodata* .gnu.linkonce.r.*)
 .rodata        0x000000000000484c       0x48 lcd.o
 .rodata        0x0000000000004894       0x2a main.o
 *fill*         0x00000000000048be        0x2 
 .rodata        0x00000000000048c0       0x30 freertos/tasks.o

.vfp11_veneer   0x00000000000048f0        0x0
 .vfp11_veneer  0x00000000000048f0        0x0 linker stubs

.v4_bx          0x00000000000048f0        0x0
 .v4_bx         0x00000000000048f0        0x0 linker stubs

.init           0x00000000000048f0        0x4
 .init          0x00000000000048f0        0x4 /usr/lib/gcc/arm-none-eabi/6.3.1/thumb/v6-m/crti.o
                0x00000000000048f0                _init

.fini           0x00000000000048f4        0x4
 .fini          0x00000000000048f4        0x4 /usr/lib/gcc/arm-none-eabi/6.3.1/thumb/v6-m/crti.o
                0x00000000000048f4                _fini

.iplt           0x00000000000048f8        0x0
 .iplt          0x00000000000048f8        0x0 /usr/lib/gcc/arm-none-eabi/6.3.1/thumb/v6-m/crtbegin.o

.rel.dyn        0x00000000000048f8        0x0
 .rel.iplt      0x00000000000048f8        0x0 /usr/lib/gcc/arm-none-eabi/6.3.1/thumb/v6-m/crtbegin.o

.ARM.extab
 *(.ARM.extab* .gnu.linkonce.armextab.*)

.ARM.exidx
 *(.ARM.exidx* .gnu.linkonce.armexidx.*)
                0x00000000000048f8                . = ALIGN (0x4)
                0x00000000000048f8                _etext = .
                0x00000000000048f8                _sidata = .

.data           0x000000001fffe000        0x8 load address 0x00000000000048f8
                0x000000001fffe000                _sdata = .
 *(.data .data.*)
 .data          0x000000001fffe000        0x4 freertos/portable/MemMang/heap_2.o
 .data          0x000000001fffe004        0x4 freertos/portable/GCC/ARM_CM0/port.o
                0x000000001fffe008                . = ALIGN (0x4)
                0x000000001fffe008                _edata = .

.igot.plt       0x000000001fffe008        0x0 load address 0x0000000000004900
 .igot.plt      0x000000001fffe008        0x0 /usr/lib/gcc/arm-none-eabi/6.3.1/thumb/v6-m/crtbegin.o

.bss            0x000000001fffe008     0x3154 load address 0x0000000000004900
                0x000000001fffe008                _sbss = .
 *(.bss .bss.*)
 .bss           0x000000001fffe008       0x28 main.o
                0x000000001fffe008                tskDis
                0x000000001fffe00c                tskSum
                0x000000001fffe010                tskRec
                0x000000001fffe014                status
                0x000000001fffe018                rep
                0x000000001fffe01c                cont
                0x000000001fffe020                status_btn
                0x000000001fffe028                points
 .bss           0x000000001fffe030       0xd4 freertos/tasks.o
                0x000000001fffe030                pxCurrentTCB
 .bss           0x000000001fffe104     0x3014 freertos/portable/MemMang/heap_2.o
 *(COMMON)
 COMMON         0x0000000020001118        0x4 main.o
                0x0000000020001118                myQ
 COMMON         0x000000002000111c       0x40 freertos/queue.o
                0x000000002000111c                xQueueRegistry
                0x000000002000115c                . = ALIGN (0x4)
                0x000000002000115c                _ebss = .

.co_stack       0x000000002000115c      0x404 load address 0x0000000000007a54
                0x0000000020001160                . = ALIGN (0x8)
 *fill*         0x000000002000115c        0x4 
                0x0000000020001560                . = (. + STACK_SIZE)
 *fill*         0x0000000020001160      0x400 
                0x0000000020001560                _start_of_stack = .
                0x0000000020001560                . = ALIGN (0x4)
                0x0000000020001560                _end = .
LOAD lcd.o
LOAD main.o
LOAD startup.o
LOAD freertos/list.o
LOAD freertos/queue.o
LOAD freertos/tasks.o
LOAD freertos/portable/MemMang/heap_2.o
LOAD freertos/portable/GCC/ARM_CM0/port.o
START GROUP
LOAD /usr/lib/gcc/arm-none-eabi/6.3.1/thumb/v6-m/libgcc.a
LOAD /usr/lib/gcc/arm-none-eabi/6.3.1/../../../arm-none-eabi/lib/thumb/v6-m/libg_nano.a
LOAD /usr/lib/gcc/arm-none-eabi/6.3.1/../../../arm-none-eabi/lib/thumb/v6-m/libc_nano.a
END GROUP
START GROUP
LOAD /usr/lib/gcc/arm-none-eabi/6.3.1/thumb/v6-m/libgcc.a
LOAD /usr/lib/gcc/arm-none-eabi/6.3.1/../../../arm-none-eabi/lib/thumb/v6-m/libc_nano.a
END GROUP
LOAD /usr/lib/gcc/arm-none-eabi/6.3.1/thumb/v6-m/crtend.o
LOAD /usr/lib/gcc/arm-none-eabi/6.3.1/thumb/v6-m/crtn.o
OUTPUT(main.elf elf32-littlearm)

.ARM.attributes
                0x0000000000000000       0x28
 .ARM.attributes
                0x0000000000000000       0x1e /usr/lib/gcc/arm-none-eabi/6.3.1/thumb/v6-m/crti.o
 .ARM.attributes
                0x000000000000001e       0x32 lcd.o
 .ARM.attributes
                0x0000000000000050       0x32 main.o
 .ARM.attributes
                0x0000000000000082       0x32 startup.o
 .ARM.attributes
                0x00000000000000b4       0x32 freertos/list.o
 .ARM.attributes
                0x00000000000000e6       0x32 freertos/queue.o
 .ARM.attributes
                0x0000000000000118       0x32 freertos/tasks.o
 .ARM.attributes
                0x000000000000014a       0x32 freertos/portable/MemMang/heap_2.o
 .ARM.attributes
                0x000000000000017c       0x32 freertos/portable/GCC/ARM_CM0/port.o
 .ARM.attributes
                0x00000000000001ae       0x1e /usr/lib/gcc/arm-none-eabi/6.3.1/thumb/v6-m/libgcc.a(_udivsi3.o)
 .ARM.attributes
                0x00000000000001cc       0x1e /usr/lib/gcc/arm-none-eabi/6.3.1/thumb/v6-m/libgcc.a(_divsi3.o)
 .ARM.attributes
                0x00000000000001ea       0x1e /usr/lib/gcc/arm-none-eabi/6.3.1/thumb/v6-m/libgcc.a(_dvmd_tls.o)
 .ARM.attributes
                0x0000000000000208       0x2c /usr/lib/gcc/arm-none-eabi/6.3.1/thumb/v6-m/libgcc.a(_fixunsdfsi.o)
 .ARM.attributes
                0x0000000000000234       0x2c /usr/lib/gcc/arm-none-eabi/6.3.1/thumb/v6-m/libgcc.a(adddf3.o)
 .ARM.attributes
                0x0000000000000260       0x2c /usr/lib/gcc/arm-none-eabi/6.3.1/thumb/v6-m/libgcc.a(subdf3.o)
 .ARM.attributes
                0x000000000000028c       0x2c /usr/lib/gcc/arm-none-eabi/6.3.1/thumb/v6-m/libgcc.a(fixdfsi.o)
 .ARM.attributes
                0x00000000000002b8       0x2c /usr/lib/gcc/arm-none-eabi/6.3.1/thumb/v6-m/libgcc.a(floatsidf.o)
 .ARM.attributes
                0x00000000000002e4       0x1e /usr/lib/gcc/arm-none-eabi/6.3.1/thumb/v6-m/libgcc.a(_arm_cmpdf2.o)
 .ARM.attributes
                0x0000000000000302       0x1e /usr/lib/gcc/arm-none-eabi/6.3.1/thumb/v6-m/libgcc.a(_clzsi2.o)
 .ARM.attributes
                0x0000000000000320       0x2c /usr/lib/gcc/arm-none-eabi/6.3.1/thumb/v6-m/libgcc.a(eqdf2.o)
 .ARM.attributes
                0x000000000000034c       0x2c /usr/lib/gcc/arm-none-eabi/6.3.1/thumb/v6-m/libgcc.a(gedf2.o)
 .ARM.attributes
                0x0000000000000378       0x2c /usr/lib/gcc/arm-none-eabi/6.3.1/thumb/v6-m/libgcc.a(ledf2.o)
 .ARM.attributes
                0x00000000000003a4       0x2c /usr/lib/gcc/arm-none-eabi/6.3.1/../../../arm-none-eabi/lib/thumb/v6-m/libg_nano.a(lib_a-memcpy-stub.o)

.comment        0x0000000000000000       0x31
 .comment       0x0000000000000000       0x31 lcd.o
                                         0x32 (size before relaxing)
 .comment       0x0000000000000031       0x32 main.o
 .comment       0x0000000000000031       0x32 startup.o
 .comment       0x0000000000000031       0x32 freertos/list.o
 .comment       0x0000000000000031       0x32 freertos/queue.o
 .comment       0x0000000000000031       0x32 freertos/tasks.o
 .comment       0x0000000000000031       0x32 freertos/portable/MemMang/heap_2.o
 .comment       0x0000000000000031       0x32 freertos/portable/GCC/ARM_CM0/port.o
 .comment       0x0000000000000031       0x32 /usr/lib/gcc/arm-none-eabi/6.3.1/thumb/v6-m/libgcc.a(_fixunsdfsi.o)
 .comment       0x0000000000000031       0x32 /usr/lib/gcc/arm-none-eabi/6.3.1/thumb/v6-m/libgcc.a(adddf3.o)
 .comment       0x0000000000000031       0x32 /usr/lib/gcc/arm-none-eabi/6.3.1/thumb/v6-m/libgcc.a(subdf3.o)
 .comment       0x0000000000000031       0x32 /usr/lib/gcc/arm-none-eabi/6.3.1/thumb/v6-m/libgcc.a(fixdfsi.o)
 .comment       0x0000000000000031       0x32 /usr/lib/gcc/arm-none-eabi/6.3.1/thumb/v6-m/libgcc.a(floatsidf.o)
 .comment       0x0000000000000031       0x32 /usr/lib/gcc/arm-none-eabi/6.3.1/thumb/v6-m/libgcc.a(eqdf2.o)
 .comment       0x0000000000000031       0x32 /usr/lib/gcc/arm-none-eabi/6.3.1/thumb/v6-m/libgcc.a(gedf2.o)
 .comment       0x0000000000000031       0x32 /usr/lib/gcc/arm-none-eabi/6.3.1/thumb/v6-m/libgcc.a(ledf2.o)
 .comment       0x0000000000000031       0x32 /usr/lib/gcc/arm-none-eabi/6.3.1/../../../arm-none-eabi/lib/thumb/v6-m/libg_nano.a(lib_a-memcpy-stub.o)

.debug_info     0x0000000000000000     0x7e28
 .debug_info    0x0000000000000000      0x508 lcd.o
 .debug_info    0x0000000000000508      0x9b4 main.o
 .debug_info    0x0000000000000ebc       0xfc startup.o
 .debug_info    0x0000000000000fb8      0xab6 freertos/list.o
 .debug_info    0x0000000000001a6e     0x1313 freertos/queue.o
 .debug_info    0x0000000000002d81     0x1746 freertos/tasks.o
 .debug_info    0x00000000000044c7      0xaf1 freertos/portable/MemMang/heap_2.o
 .debug_info    0x0000000000004fb8      0x24e freertos/portable/GCC/ARM_CM0/port.o
 .debug_info    0x0000000000005206       0xbf /usr/lib/gcc/arm-none-eabi/6.3.1/thumb/v6-m/libgcc.a(_udivsi3.o)
 .debug_info    0x00000000000052c5       0xbf /usr/lib/gcc/arm-none-eabi/6.3.1/thumb/v6-m/libgcc.a(_divsi3.o)
 .debug_info    0x0000000000005384       0xbf /usr/lib/gcc/arm-none-eabi/6.3.1/thumb/v6-m/libgcc.a(_dvmd_tls.o)
 .debug_info    0x0000000000005443      0x8c6 /usr/lib/gcc/arm-none-eabi/6.3.1/thumb/v6-m/libgcc.a(_fixunsdfsi.o)
 .debug_info    0x0000000000005d09      0x550 /usr/lib/gcc/arm-none-eabi/6.3.1/thumb/v6-m/libgcc.a(adddf3.o)
 .debug_info    0x0000000000006259      0x55c /usr/lib/gcc/arm-none-eabi/6.3.1/thumb/v6-m/libgcc.a(subdf3.o)
 .debug_info    0x00000000000067b5      0x1f1 /usr/lib/gcc/arm-none-eabi/6.3.1/thumb/v6-m/libgcc.a(fixdfsi.o)
 .debug_info    0x00000000000069a6      0x2aa /usr/lib/gcc/arm-none-eabi/6.3.1/thumb/v6-m/libgcc.a(floatsidf.o)
 .debug_info    0x0000000000006c50       0xbf /usr/lib/gcc/arm-none-eabi/6.3.1/thumb/v6-m/libgcc.a(_arm_cmpdf2.o)
 .debug_info    0x0000000000006d0f       0xbf /usr/lib/gcc/arm-none-eabi/6.3.1/thumb/v6-m/libgcc.a(_clzsi2.o)
 .debug_info    0x0000000000006dce      0x25d /usr/lib/gcc/arm-none-eabi/6.3.1/thumb/v6-m/libgcc.a(eqdf2.o)
 .debug_info    0x000000000000702b      0x267 /usr/lib/gcc/arm-none-eabi/6.3.1/thumb/v6-m/libgcc.a(gedf2.o)
 .debug_info    0x0000000000007292      0x267 /usr/lib/gcc/arm-none-eabi/6.3.1/thumb/v6-m/libgcc.a(ledf2.o)
 .debug_info    0x00000000000074f9      0x92f /usr/lib/gcc/arm-none-eabi/6.3.1/../../../arm-none-eabi/lib/thumb/v6-m/libg_nano.a(lib_a-memcpy-stub.o)

.debug_abbrev   0x0000000000000000     0x1cc5
 .debug_abbrev  0x0000000000000000      0x16e lcd.o
 .debug_abbrev  0x000000000000016e      0x205 main.o
 .debug_abbrev  0x0000000000000373       0xbb startup.o
 .debug_abbrev  0x000000000000042e      0x1f5 freertos/list.o
 .debug_abbrev  0x0000000000000623      0x28b freertos/queue.o
 .debug_abbrev  0x00000000000008ae      0x314 freertos/tasks.o
 .debug_abbrev  0x0000000000000bc2      0x264 freertos/portable/MemMang/heap_2.o
 .debug_abbrev  0x0000000000000e26      0x174 freertos/portable/GCC/ARM_CM0/port.o
 .debug_abbrev  0x0000000000000f9a       0x14 /usr/lib/gcc/arm-none-eabi/6.3.1/thumb/v6-m/libgcc.a(_udivsi3.o)
 .debug_abbrev  0x0000000000000fae       0x14 /usr/lib/gcc/arm-none-eabi/6.3.1/thumb/v6-m/libgcc.a(_divsi3.o)
 .debug_abbrev  0x0000000000000fc2       0x14 /usr/lib/gcc/arm-none-eabi/6.3.1/thumb/v6-m/libgcc.a(_dvmd_tls.o)
 .debug_abbrev  0x0000000000000fd6      0x135 /usr/lib/gcc/arm-none-eabi/6.3.1/thumb/v6-m/libgcc.a(_fixunsdfsi.o)
 .debug_abbrev  0x000000000000110b      0x17d /usr/lib/gcc/arm-none-eabi/6.3.1/thumb/v6-m/libgcc.a(adddf3.o)
 .debug_abbrev  0x0000000000001288      0x17d /usr/lib/gcc/arm-none-eabi/6.3.1/thumb/v6-m/libgcc.a(subdf3.o)
 .debug_abbrev  0x0000000000001405      0x159 /usr/lib/gcc/arm-none-eabi/6.3.1/thumb/v6-m/libgcc.a(fixdfsi.o)
 .debug_abbrev  0x000000000000155e      0x161 /usr/lib/gcc/arm-none-eabi/6.3.1/thumb/v6-m/libgcc.a(floatsidf.o)
 .debug_abbrev  0x00000000000016bf       0x14 /usr/lib/gcc/arm-none-eabi/6.3.1/thumb/v6-m/libgcc.a(_arm_cmpdf2.o)
 .debug_abbrev  0x00000000000016d3       0x14 /usr/lib/gcc/arm-none-eabi/6.3.1/thumb/v6-m/libgcc.a(_clzsi2.o)
 .debug_abbrev  0x00000000000016e7      0x164 /usr/lib/gcc/arm-none-eabi/6.3.1/thumb/v6-m/libgcc.a(eqdf2.o)
 .debug_abbrev  0x000000000000184b      0x166 /usr/lib/gcc/arm-none-eabi/6.3.1/thumb/v6-m/libgcc.a(gedf2.o)
 .debug_abbrev  0x00000000000019b1      0x171 /usr/lib/gcc/arm-none-eabi/6.3.1/thumb/v6-m/libgcc.a(ledf2.o)
 .debug_abbrev  0x0000000000001b22      0x1a3 /usr/lib/gcc/arm-none-eabi/6.3.1/../../../arm-none-eabi/lib/thumb/v6-m/libg_nano.a(lib_a-memcpy-stub.o)

.debug_aranges  0x0000000000000000      0x2c0
 .debug_aranges
                0x0000000000000000       0x20 lcd.o
 .debug_aranges
                0x0000000000000020       0x20 main.o
 .debug_aranges
                0x0000000000000040       0x20 startup.o
 .debug_aranges
                0x0000000000000060       0x20 freertos/list.o
 .debug_aranges
                0x0000000000000080       0x20 freertos/queue.o
 .debug_aranges
                0x00000000000000a0       0x20 freertos/tasks.o
 .debug_aranges
                0x00000000000000c0       0x20 freertos/portable/MemMang/heap_2.o
 .debug_aranges
                0x00000000000000e0       0x20 freertos/portable/GCC/ARM_CM0/port.o
 .debug_aranges
                0x0000000000000100       0x20 /usr/lib/gcc/arm-none-eabi/6.3.1/thumb/v6-m/libgcc.a(_udivsi3.o)
 .debug_aranges
                0x0000000000000120       0x20 /usr/lib/gcc/arm-none-eabi/6.3.1/thumb/v6-m/libgcc.a(_divsi3.o)
 .debug_aranges
                0x0000000000000140       0x20 /usr/lib/gcc/arm-none-eabi/6.3.1/thumb/v6-m/libgcc.a(_dvmd_tls.o)
 .debug_aranges
                0x0000000000000160       0x20 /usr/lib/gcc/arm-none-eabi/6.3.1/thumb/v6-m/libgcc.a(_fixunsdfsi.o)
 .debug_aranges
                0x0000000000000180       0x20 /usr/lib/gcc/arm-none-eabi/6.3.1/thumb/v6-m/libgcc.a(adddf3.o)
 .debug_aranges
                0x00000000000001a0       0x20 /usr/lib/gcc/arm-none-eabi/6.3.1/thumb/v6-m/libgcc.a(subdf3.o)
 .debug_aranges
                0x00000000000001c0       0x20 /usr/lib/gcc/arm-none-eabi/6.3.1/thumb/v6-m/libgcc.a(fixdfsi.o)
 .debug_aranges
                0x00000000000001e0       0x20 /usr/lib/gcc/arm-none-eabi/6.3.1/thumb/v6-m/libgcc.a(floatsidf.o)
 .debug_aranges
                0x0000000000000200       0x20 /usr/lib/gcc/arm-none-eabi/6.3.1/thumb/v6-m/libgcc.a(_arm_cmpdf2.o)
 .debug_aranges
                0x0000000000000220       0x20 /usr/lib/gcc/arm-none-eabi/6.3.1/thumb/v6-m/libgcc.a(_clzsi2.o)
 .debug_aranges
                0x0000000000000240       0x20 /usr/lib/gcc/arm-none-eabi/6.3.1/thumb/v6-m/libgcc.a(eqdf2.o)
 .debug_aranges
                0x0000000000000260       0x20 /usr/lib/gcc/arm-none-eabi/6.3.1/thumb/v6-m/libgcc.a(gedf2.o)
 .debug_aranges
                0x0000000000000280       0x20 /usr/lib/gcc/arm-none-eabi/6.3.1/thumb/v6-m/libgcc.a(ledf2.o)
 .debug_aranges
                0x00000000000002a0       0x20 /usr/lib/gcc/arm-none-eabi/6.3.1/../../../arm-none-eabi/lib/thumb/v6-m/libg_nano.a(lib_a-memcpy-stub.o)

.debug_line     0x0000000000000000     0x2acf
 .debug_line    0x0000000000000000      0x14e lcd.o
 .debug_line    0x000000000000014e      0x2ee main.o
 .debug_line    0x000000000000043c       0x53 startup.o
 .debug_line    0x000000000000048f      0x2a5 freertos/list.o
 .debug_line    0x0000000000000734      0x648 freertos/queue.o
 .debug_line    0x0000000000000d7c      0x78d freertos/tasks.o
 .debug_line    0x0000000000001509      0x2f7 freertos/portable/MemMang/heap_2.o
 .debug_line    0x0000000000001800      0x263 freertos/portable/GCC/ARM_CM0/port.o
 .debug_line    0x0000000000001a63       0x6d /usr/lib/gcc/arm-none-eabi/6.3.1/thumb/v6-m/libgcc.a(_udivsi3.o)
 .debug_line    0x0000000000001ad0       0x74 /usr/lib/gcc/arm-none-eabi/6.3.1/thumb/v6-m/libgcc.a(_divsi3.o)
 .debug_line    0x0000000000001b44       0x61 /usr/lib/gcc/arm-none-eabi/6.3.1/thumb/v6-m/libgcc.a(_dvmd_tls.o)
 .debug_line    0x0000000000001ba5      0x102 /usr/lib/gcc/arm-none-eabi/6.3.1/thumb/v6-m/libgcc.a(_fixunsdfsi.o)
 .debug_line    0x0000000000001ca7      0x380 /usr/lib/gcc/arm-none-eabi/6.3.1/thumb/v6-m/libgcc.a(adddf3.o)
 .debug_line    0x0000000000002027      0x392 /usr/lib/gcc/arm-none-eabi/6.3.1/thumb/v6-m/libgcc.a(subdf3.o)
 .debug_line    0x00000000000023b9       0xcc /usr/lib/gcc/arm-none-eabi/6.3.1/thumb/v6-m/libgcc.a(fixdfsi.o)
 .debug_line    0x0000000000002485       0xbf /usr/lib/gcc/arm-none-eabi/6.3.1/thumb/v6-m/libgcc.a(floatsidf.o)
 .debug_line    0x0000000000002544       0x79 /usr/lib/gcc/arm-none-eabi/6.3.1/thumb/v6-m/libgcc.a(_arm_cmpdf2.o)
 .debug_line    0x00000000000025bd       0x75 /usr/lib/gcc/arm-none-eabi/6.3.1/thumb/v6-m/libgcc.a(_clzsi2.o)
 .debug_line    0x0000000000002632       0xf3 /usr/lib/gcc/arm-none-eabi/6.3.1/thumb/v6-m/libgcc.a(eqdf2.o)
 .debug_line    0x0000000000002725      0x116 /usr/lib/gcc/arm-none-eabi/6.3.1/thumb/v6-m/libgcc.a(gedf2.o)
 .debug_line    0x000000000000283b      0x113 /usr/lib/gcc/arm-none-eabi/6.3.1/thumb/v6-m/libgcc.a(ledf2.o)
 .debug_line    0x000000000000294e      0x181 /usr/lib/gcc/arm-none-eabi/6.3.1/../../../arm-none-eabi/lib/thumb/v6-m/libg_nano.a(lib_a-memcpy-stub.o)

.debug_str      0x0000000000000000    0x4c486
 .debug_str     0x0000000000000000      0x22e lcd.o
                                        0x2d2 (size before relaxing)
 .debug_str     0x000000000000022e    0x462f4 main.o
                                      0x467e9 (size before relaxing)
 .debug_str     0x0000000000046522       0xa1 startup.o
                                       0x24b1 (size before relaxing)
 .debug_str     0x00000000000465c3     0x2ca7 freertos/list.o
                                       0x8fe4 (size before relaxing)
 .debug_str     0x000000000004926a      0x6b4 freertos/queue.o
                                       0xa7f0 (size before relaxing)
 .debug_str     0x000000000004991e     0x14ec freertos/tasks.o
                                       0xacdf (size before relaxing)
 .debug_str     0x000000000004ae0a      0x352 freertos/portable/MemMang/heap_2.o
                                       0x99d1 (size before relaxing)
 .debug_str     0x000000000004b15c      0x3a4 freertos/portable/GCC/ARM_CM0/port.o
                                       0x6e7e (size before relaxing)
 .debug_str     0x000000000004b500      0xb88 /usr/lib/gcc/arm-none-eabi/6.3.1/thumb/v6-m/libgcc.a(_fixunsdfsi.o)
                                        0xc6f (size before relaxing)
 .debug_str     0x000000000004c088      0x15f /usr/lib/gcc/arm-none-eabi/6.3.1/thumb/v6-m/libgcc.a(adddf3.o)
                                        0x2ff (size before relaxing)
 .debug_str     0x000000000004c1e7       0x16 /usr/lib/gcc/arm-none-eabi/6.3.1/thumb/v6-m/libgcc.a(subdf3.o)
                                        0x2ff (size before relaxing)
 .debug_str     0x000000000004c1fd       0x2a /usr/lib/gcc/arm-none-eabi/6.3.1/thumb/v6-m/libgcc.a(fixdfsi.o)
                                        0x215 (size before relaxing)
 .debug_str     0x000000000004c227       0x45 /usr/lib/gcc/arm-none-eabi/6.3.1/thumb/v6-m/libgcc.a(floatsidf.o)
                                        0x2ad (size before relaxing)
 .debug_str     0x000000000004c26c       0x2f /usr/lib/gcc/arm-none-eabi/6.3.1/thumb/v6-m/libgcc.a(eqdf2.o)
                                        0x215 (size before relaxing)
 .debug_str     0x000000000004c29b       0x34 /usr/lib/gcc/arm-none-eabi/6.3.1/thumb/v6-m/libgcc.a(gedf2.o)
                                        0x239 (size before relaxing)
 .debug_str     0x000000000004c2cf       0x10 /usr/lib/gcc/arm-none-eabi/6.3.1/thumb/v6-m/libgcc.a(ledf2.o)
                                        0x239 (size before relaxing)
 .debug_str     0x000000000004c2df      0x1a7 /usr/lib/gcc/arm-none-eabi/6.3.1/../../../arm-none-eabi/lib/thumb/v6-m/libg_nano.a(lib_a-memcpy-stub.o)
                                        0x5e5 (size before relaxing)

.debug_frame    0x0000000000000000      0xfc0
 .debug_frame   0x0000000000000000       0xcc lcd.o
 .debug_frame   0x00000000000000cc      0x228 main.o
 .debug_frame   0x00000000000002f4       0x4c startup.o
 .debug_frame   0x0000000000000340       0xb0 freertos/list.o
 .debug_frame   0x00000000000003f0      0x310 freertos/queue.o
 .debug_frame   0x0000000000000700      0x498 freertos/tasks.o
 .debug_frame   0x0000000000000b98       0xa8 freertos/portable/MemMang/heap_2.o
 .debug_frame   0x0000000000000c40      0x170 freertos/portable/GCC/ARM_CM0/port.o
 .debug_frame   0x0000000000000db0       0x20 /usr/lib/gcc/arm-none-eabi/6.3.1/thumb/v6-m/libgcc.a(_udivsi3.o)
 .debug_frame   0x0000000000000dd0       0x20 /usr/lib/gcc/arm-none-eabi/6.3.1/thumb/v6-m/libgcc.a(_divsi3.o)
 .debug_frame   0x0000000000000df0       0x2c /usr/lib/gcc/arm-none-eabi/6.3.1/thumb/v6-m/libgcc.a(_fixunsdfsi.o)
 .debug_frame   0x0000000000000e1c       0x3c /usr/lib/gcc/arm-none-eabi/6.3.1/thumb/v6-m/libgcc.a(adddf3.o)
 .debug_frame   0x0000000000000e58       0x38 /usr/lib/gcc/arm-none-eabi/6.3.1/thumb/v6-m/libgcc.a(subdf3.o)
 .debug_frame   0x0000000000000e90       0x2c /usr/lib/gcc/arm-none-eabi/6.3.1/thumb/v6-m/libgcc.a(fixdfsi.o)
 .debug_frame   0x0000000000000ebc       0x2c /usr/lib/gcc/arm-none-eabi/6.3.1/thumb/v6-m/libgcc.a(floatsidf.o)
 .debug_frame   0x0000000000000ee8       0x38 /usr/lib/gcc/arm-none-eabi/6.3.1/thumb/v6-m/libgcc.a(eqdf2.o)
 .debug_frame   0x0000000000000f20       0x38 /usr/lib/gcc/arm-none-eabi/6.3.1/thumb/v6-m/libgcc.a(gedf2.o)
 .debug_frame   0x0000000000000f58       0x38 /usr/lib/gcc/arm-none-eabi/6.3.1/thumb/v6-m/libgcc.a(ledf2.o)
 .debug_frame   0x0000000000000f90       0x30 /usr/lib/gcc/arm-none-eabi/6.3.1/../../../arm-none-eabi/lib/thumb/v6-m/libg_nano.a(lib_a-memcpy-stub.o)

.debug_macro    0x0000000000000000     0xba0c
 .debug_macro   0x0000000000000000      0x12c main.o
 .debug_macro   0x000000000000012c      0x892 main.o
 .debug_macro   0x00000000000009be       0x3f main.o
 .debug_macro   0x00000000000009fd       0x22 main.o
 .debug_macro   0x0000000000000a1f       0x87 main.o
 .debug_macro   0x0000000000000aa6       0x44 main.o
 .debug_macro   0x0000000000000aea       0xfd main.o
 .debug_macro   0x0000000000000be7       0x5e main.o
 .debug_macro   0x0000000000000c45      0x1df main.o
 .debug_macro   0x0000000000000e24       0x1c main.o
 .debug_macro   0x0000000000000e40       0x22 main.o
 .debug_macro   0x0000000000000e62       0xd7 main.o
 .debug_macro   0x0000000000000f39      0x3ad main.o
 .debug_macro   0x00000000000012e6       0x38 main.o
 .debug_macro   0x000000000000131e     0x87f8 main.o
 .debug_macro   0x0000000000009b16      0x174 main.o
 .debug_macro   0x0000000000009c8a       0xfa main.o
 .debug_macro   0x0000000000009d84      0x15d main.o
 .debug_macro   0x0000000000009ee1       0xaf main.o
 .debug_macro   0x0000000000009f90       0x10 main.o
 .debug_macro   0x0000000000009fa0       0x1f main.o
 .debug_macro   0x0000000000009fbf      0x3d1 main.o
 .debug_macro   0x000000000000a390       0xc0 main.o
 .debug_macro   0x000000000000a450       0x9a main.o
 .debug_macro   0x000000000000a4ea       0xb0 main.o
 .debug_macro   0x000000000000a59a       0xc4 main.o
 .debug_macro   0x000000000000a65e       0x17 startup.o
 .debug_macro   0x000000000000a675      0x17c freertos/list.o
 .debug_macro   0x000000000000a7f1       0x4c freertos/list.o
 .debug_macro   0x000000000000a83d       0x8d freertos/list.o
 .debug_macro   0x000000000000a8ca       0x35 freertos/list.o
 .debug_macro   0x000000000000a8ff       0x9c freertos/list.o
 .debug_macro   0x000000000000a99b       0x16 freertos/list.o
 .debug_macro   0x000000000000a9b1      0x10e freertos/list.o
 .debug_macro   0x000000000000aabf       0x8d freertos/list.o
 .debug_macro   0x000000000000ab4c       0x4a freertos/list.o
 .debug_macro   0x000000000000ab96       0x52 freertos/list.o
 .debug_macro   0x000000000000abe8       0x1f freertos/list.o
 .debug_macro   0x000000000000ac07       0x43 freertos/list.o
 .debug_macro   0x000000000000ac4a       0x20 freertos/list.o
 .debug_macro   0x000000000000ac6a      0x187 freertos/list.o
 .debug_macro   0x000000000000adf1      0x30d freertos/list.o
 .debug_macro   0x000000000000b0fe       0x16 freertos/list.o
 .debug_macro   0x000000000000b114       0x29 freertos/list.o
 .debug_macro   0x000000000000b13d       0xfa freertos/list.o
 .debug_macro   0x000000000000b237      0x1ee freertos/queue.o
 .debug_macro   0x000000000000b425       0x16 freertos/queue.o
 .debug_macro   0x000000000000b43b       0x35 freertos/queue.o
 .debug_macro   0x000000000000b470      0x231 freertos/tasks.o
 .debug_macro   0x000000000000b6a1       0x91 freertos/tasks.o
 .debug_macro   0x000000000000b732       0x11 freertos/tasks.o
 .debug_macro   0x000000000000b743      0x1aa freertos/portable/MemMang/heap_2.o
 .debug_macro   0x000000000000b8ed      0x11f freertos/portable/GCC/ARM_CM0/port.o

.debug_loc      0x0000000000000000     0x3a58
 .debug_loc     0x0000000000000000       0x28 /usr/lib/gcc/arm-none-eabi/6.3.1/thumb/v6-m/libgcc.a(_fixunsdfsi.o)
 .debug_loc     0x0000000000000028     0x15c9 /usr/lib/gcc/arm-none-eabi/6.3.1/thumb/v6-m/libgcc.a(adddf3.o)
 .debug_loc     0x00000000000015f1     0x173d /usr/lib/gcc/arm-none-eabi/6.3.1/thumb/v6-m/libgcc.a(subdf3.o)
 .debug_loc     0x0000000000002d2e       0xf4 /usr/lib/gcc/arm-none-eabi/6.3.1/thumb/v6-m/libgcc.a(fixdfsi.o)
 .debug_loc     0x0000000000002e22      0x212 /usr/lib/gcc/arm-none-eabi/6.3.1/thumb/v6-m/libgcc.a(floatsidf.o)
 .debug_loc     0x0000000000003034      0x15b /usr/lib/gcc/arm-none-eabi/6.3.1/thumb/v6-m/libgcc.a(eqdf2.o)
 .debug_loc     0x000000000000318f      0x30d /usr/lib/gcc/arm-none-eabi/6.3.1/thumb/v6-m/libgcc.a(gedf2.o)
 .debug_loc     0x000000000000349c      0x2fc /usr/lib/gcc/arm-none-eabi/6.3.1/thumb/v6-m/libgcc.a(ledf2.o)
 .debug_loc     0x0000000000003798      0x2c0 /usr/lib/gcc/arm-none-eabi/6.3.1/../../../arm-none-eabi/lib/thumb/v6-m/libg_nano.a(lib_a-memcpy-stub.o)

.debug_ranges   0x0000000000000000      0x620
 .debug_ranges  0x0000000000000000      0x278 /usr/lib/gcc/arm-none-eabi/6.3.1/thumb/v6-m/libgcc.a(adddf3.o)
 .debug_ranges  0x0000000000000278      0x278 /usr/lib/gcc/arm-none-eabi/6.3.1/thumb/v6-m/libgcc.a(subdf3.o)
 .debug_ranges  0x00000000000004f0       0x18 /usr/lib/gcc/arm-none-eabi/6.3.1/thumb/v6-m/libgcc.a(fixdfsi.o)
 .debug_ranges  0x0000000000000508       0x48 /usr/lib/gcc/arm-none-eabi/6.3.1/thumb/v6-m/libgcc.a(floatsidf.o)
 .debug_ranges  0x0000000000000550       0x38 /usr/lib/gcc/arm-none-eabi/6.3.1/thumb/v6-m/libgcc.a(eqdf2.o)
 .debug_ranges  0x0000000000000588       0x58 /usr/lib/gcc/arm-none-eabi/6.3.1/thumb/v6-m/libgcc.a(gedf2.o)
 .debug_ranges  0x00000000000005e0       0x40 /usr/lib/gcc/arm-none-eabi/6.3.1/thumb/v6-m/libgcc.a(ledf2.o)
